###############################################################################
#
# IAR ELF Linker V7.40.3.8902/W32 for ARM                 03/Nov/2016  16:56:59
# Copyright 2007-2015 IAR Systems AB.
#
#    Output file  =  
#        C:\Users\matthew.shing\Documents\Projects\AONE ZigBee Dimmer\AUCH
#        ETRX357\AONE_Zigbee\EmberZNet5.3.0-GA\em35x\build\Aurora_dimmer\Aurora_dimmer.out
#    Map file     =  
#        C:\Users\matthew.shing\Documents\Projects\AONE ZigBee Dimmer\AUCH
#        ETRX357\AONE_Zigbee\EmberZNet5.3.0-GA\em35x\build\Aurora_dimmer\Aurora_dimmer.map
#    Command line =  
#        "C:\Users\matthew.shing\Documents\Projects\AONE ZigBee Dimmer\AUCH
#        ETRX357\AONE_Zigbee\EmberZNet5.3.0-GA\em35x\build\Aurora_dimmer\adc.o"
#        "C:\Users\matthew.shing\Documents\Projects\AONE ZigBee Dimmer\AUCH
#        ETRX357\AONE_Zigbee\EmberZNet5.3.0-GA\em35x\build\Aurora_dimmer\address-table-cli.o"
#        "C:\Users\matthew.shing\Documents\Projects\AONE ZigBee Dimmer\AUCH
#        ETRX357\AONE_Zigbee\EmberZNet5.3.0-GA\em35x\build\Aurora_dimmer\address-table-management.o"
#        "C:\Users\matthew.shing\Documents\Projects\AONE ZigBee Dimmer\AUCH
#        ETRX357\AONE_Zigbee\EmberZNet5.3.0-GA\em35x\build\Aurora_dimmer\address-table-soc.o"
#        "C:\Users\matthew.shing\Documents\Projects\AONE ZigBee Dimmer\AUCH
#        ETRX357\AONE_Zigbee\EmberZNet5.3.0-GA\em35x\build\Aurora_dimmer\af-event.o"
#        "C:\Users\matthew.shing\Documents\Projects\AONE ZigBee Dimmer\AUCH
#        ETRX357\AONE_Zigbee\EmberZNet5.3.0-GA\em35x\build\Aurora_dimmer\af-main-common.o"
#        "C:\Users\matthew.shing\Documents\Projects\AONE ZigBee Dimmer\AUCH
#        ETRX357\AONE_Zigbee\EmberZNet5.3.0-GA\em35x\build\Aurora_dimmer\af-main-soc.o"
#        "C:\Users\matthew.shing\Documents\Projects\AONE ZigBee Dimmer\AUCH
#        ETRX357\AONE_Zigbee\EmberZNet5.3.0-GA\em35x\build\Aurora_dimmer\af-node.o"
#        "C:\Users\matthew.shing\Documents\Projects\AONE ZigBee Dimmer\AUCH
#        ETRX357\AONE_Zigbee\EmberZNet5.3.0-GA\em35x\build\Aurora_dimmer\af-security-common.o"
#        "C:\Users\matthew.shing\Documents\Projects\AONE ZigBee Dimmer\AUCH
#        ETRX357\AONE_Zigbee\EmberZNet5.3.0-GA\em35x\build\Aurora_dimmer\af-trust-center.o"
#        "C:\Users\matthew.shing\Documents\Projects\AONE ZigBee Dimmer\AUCH
#        ETRX357\AONE_Zigbee\EmberZNet5.3.0-GA\em35x\build\alarm-stub-library-cortexm3-iar-em357-em3xx\alarm-stub-library.a"
#        "C:\Users\matthew.shing\Documents\Projects\AONE ZigBee Dimmer\AUCH
#        ETRX357\AONE_Zigbee\EmberZNet5.3.0-GA\em35x\build\Aurora_dimmer\attribute-size.o"
#        "C:\Users\matthew.shing\Documents\Projects\AONE ZigBee Dimmer\AUCH
#        ETRX357\AONE_Zigbee\EmberZNet5.3.0-GA\em35x\build\Aurora_dimmer\attribute-storage.o"
#        "C:\Users\matthew.shing\Documents\Projects\AONE ZigBee Dimmer\AUCH
#        ETRX357\AONE_Zigbee\EmberZNet5.3.0-GA\em35x\build\Aurora_dimmer\attribute-table.o"
#        "C:\Users\matthew.shing\Documents\Projects\AONE ZigBee Dimmer\AUCH
#        ETRX357\AONE_Zigbee\EmberZNet5.3.0-GA\em35x\build\Aurora_dimmer\aurora-button-joining-hal.o"
#        "C:\Users\matthew.shing\Documents\Projects\AONE ZigBee Dimmer\AUCH
#        ETRX357\AONE_Zigbee\EmberZNet5.3.0-GA\em35x\build\Aurora_dimmer\aurora-button-joining.o"
#        "C:\Users\matthew.shing\Documents\Projects\AONE ZigBee Dimmer\AUCH
#        ETRX357\AONE_Zigbee\EmberZNet5.3.0-GA\em35x\build\Aurora_dimmer\aurora-colour-control.o"
#        "C:\Users\matthew.shing\Documents\Projects\AONE ZigBee Dimmer\AUCH
#        ETRX357\AONE_Zigbee\EmberZNet5.3.0-GA\em35x\build\Aurora_dimmer\aurora-colour-conversion.o"
#        "C:\Users\matthew.shing\Documents\Projects\AONE ZigBee Dimmer\AUCH
#        ETRX357\AONE_Zigbee\EmberZNet5.3.0-GA\em35x\build\Aurora_dimmer\aurora-host-bootload.o"
#        "C:\Users\matthew.shing\Documents\Projects\AONE ZigBee Dimmer\AUCH
#        ETRX357\AONE_Zigbee\EmberZNet5.3.0-GA\em35x\build\Aurora_dimmer\aurora-host-hal.o"
#        "C:\Users\matthew.shing\Documents\Projects\AONE ZigBee Dimmer\AUCH
#        ETRX357\AONE_Zigbee\EmberZNet5.3.0-GA\em35x\build\Aurora_dimmer\aurora-host-plc-protocol.o"
#        "C:\Users\matthew.shing\Documents\Projects\AONE ZigBee Dimmer\AUCH
#        ETRX357\AONE_Zigbee\EmberZNet5.3.0-GA\em35x\build\Aurora_dimmer\aurora-host-protocol.o"
#        "C:\Users\matthew.shing\Documents\Projects\AONE ZigBee Dimmer\AUCH
#        ETRX357\AONE_Zigbee\EmberZNet5.3.0-GA\em35x\build\Aurora_dimmer\aurora-level-control-hal.o"
#        "C:\Users\matthew.shing\Documents\Projects\AONE ZigBee Dimmer\AUCH
#        ETRX357\AONE_Zigbee\EmberZNet5.3.0-GA\em35x\build\Aurora_dimmer\aurora-level-control.o"
#        "C:\Users\matthew.shing\Documents\Projects\AONE ZigBee Dimmer\AUCH
#        ETRX357\AONE_Zigbee\EmberZNet5.3.0-GA\em35x\build\Aurora_dimmer\aurora-on-off.o"
#        "C:\Users\matthew.shing\Documents\Projects\AONE ZigBee Dimmer\AUCH
#        ETRX357\AONE_Zigbee\EmberZNet5.3.0-GA\em35x\build\Aurora_dimmer\aurora-ota-client-cli.o"
#        "C:\Users\matthew.shing\Documents\Projects\AONE ZigBee Dimmer\AUCH
#        ETRX357\AONE_Zigbee\EmberZNet5.3.0-GA\em35x\build\Aurora_dimmer\aurora-ota-client-page-request.o"
#        "C:\Users\matthew.shing\Documents\Projects\AONE ZigBee Dimmer\AUCH
#        ETRX357\AONE_Zigbee\EmberZNet5.3.0-GA\em35x\build\Aurora_dimmer\aurora-ota-client-policy.o"
#        "C:\Users\matthew.shing\Documents\Projects\AONE ZigBee Dimmer\AUCH
#        ETRX357\AONE_Zigbee\EmberZNet5.3.0-GA\em35x\build\Aurora_dimmer\aurora-ota-client-signature-verify.o"
#        "C:\Users\matthew.shing\Documents\Projects\AONE ZigBee Dimmer\AUCH
#        ETRX357\AONE_Zigbee\EmberZNet5.3.0-GA\em35x\build\Aurora_dimmer\aurora-ota-client.o"
#        "C:\Users\matthew.shing\Documents\Projects\AONE ZigBee Dimmer\AUCH
#        ETRX357\AONE_Zigbee\EmberZNet5.3.0-GA\em35x\build\Aurora_dimmer\aurora-pwm-hal.o"
#        "C:\Users\matthew.shing\Documents\Projects\AONE ZigBee Dimmer\AUCH
#        ETRX357\AONE_Zigbee\EmberZNet5.3.0-GA\em35x\build\Aurora_dimmer\aurora-pwm.o"
#        "C:\Users\matthew.shing\Documents\Projects\AONE ZigBee Dimmer\AUCH
#        ETRX357\AONE_Zigbee\EmberZNet5.3.0-GA\em35x\build\Aurora_dimmer\aurora-tunneling-server-cli.o"
#        "C:\Users\matthew.shing\Documents\Projects\AONE ZigBee Dimmer\AUCH
#        ETRX357\AONE_Zigbee\EmberZNet5.3.0-GA\em35x\build\Aurora_dimmer\aurora-tunneling-server.o"
#        "C:\Users\matthew.shing\Documents\Projects\AONE ZigBee Dimmer\AUCH
#        ETRX357\AONE_Zigbee\EmberZNet5.3.0-GA\em35x\build\Aurora_dimmer\Aurora_dimmer_callbacks.o"
#        "C:\Users\matthew.shing\Documents\Projects\AONE ZigBee Dimmer\AUCH
#        ETRX357\AONE_Zigbee\EmberZNet5.3.0-GA\em35x\build\binding-table-library-cortexm3-iar-em357-em3xx\binding-table-library.a"
#        "C:\Users\matthew.shing\Documents\Projects\AONE ZigBee Dimmer\AUCH
#        ETRX357\AONE_Zigbee\EmberZNet5.3.0-GA\em35x\build\Aurora_dimmer\bootloader-interface-app.o"
#        "C:\Users\matthew.shing\Documents\Projects\AONE ZigBee Dimmer\AUCH
#        ETRX357\AONE_Zigbee\EmberZNet5.3.0-GA\em35x\build\Aurora_dimmer\bootloader-interface.o"
#        "C:\Users\matthew.shing\Documents\Projects\AONE ZigBee Dimmer\AUCH
#        ETRX357\AONE_Zigbee\EmberZNet5.3.0-GA\em35x\build\Aurora_dimmer\button.o"
#        "C:\Users\matthew.shing\Documents\Projects\AONE ZigBee Dimmer\AUCH
#        ETRX357\AONE_Zigbee\EmberZNet5.3.0-GA\em35x\build\Aurora_dimmer\buzzer.o"
#        "C:\Users\matthew.shing\Documents\Projects\AONE ZigBee Dimmer\AUCH
#        ETRX357\AONE_Zigbee\EmberZNet5.3.0-GA\em35x\build\Aurora_dimmer\call-command-handler.o"
#        "C:\Users\matthew.shing\Documents\Projects\AONE ZigBee Dimmer\AUCH
#        ETRX357\AONE_Zigbee\EmberZNet5.3.0-GA\em35x\build\Aurora_dimmer\callback-stub.o"
#        "C:\Users\matthew.shing\Documents\Projects\AONE ZigBee Dimmer\AUCH
#        ETRX357\AONE_Zigbee\EmberZNet5.3.0-GA\em35x\build\Aurora_dimmer\callbacks.o"
#        "C:\Users\matthew.shing\Documents\Projects\AONE ZigBee Dimmer\AUCH
#        ETRX357\AONE_Zigbee\EmberZNet5.3.0-GA\em35x\build\cbke-163k1-stub-library-cortexm3-iar-em357-em3xx\cbke-163k1-stub-library.a"
#        "C:\Users\matthew.shing\Documents\Projects\AONE ZigBee Dimmer\AUCH
#        ETRX357\AONE_Zigbee\EmberZNet5.3.0-GA\em35x\build\cbke-283k1-stub-library-cortexm3-iar-em357-em3xx\cbke-283k1-stub-library.a"
#        "C:\Users\matthew.shing\Documents\Projects\AONE ZigBee Dimmer\AUCH
#        ETRX357\AONE_Zigbee\EmberZNet5.3.0-GA\em35x\build\cbke-library-dsa-sign-stub-cortexm3-iar-em357-em3xx\cbke-library-dsa-sign-stub.a"
#        "C:\Users\matthew.shing\Documents\Projects\AONE ZigBee Dimmer\AUCH
#        ETRX357\AONE_Zigbee\EmberZNet5.3.0-GA\em35x\build\cbke-library-dsa-verify-stub-cortexm3-iar-em357-em3xx\cbke-library-dsa-verify-stub.a"
#        "C:\Users\matthew.shing\Documents\Projects\AONE ZigBee Dimmer\AUCH
#        ETRX357\AONE_Zigbee\EmberZNet5.3.0-GA\em35x\build\cbke-stub-library-cortexm3-iar-em357-em3xx\cbke-stub-library.a"
#        "C:\Users\matthew.shing\Documents\Projects\AONE ZigBee Dimmer\AUCH
#        ETRX357\AONE_Zigbee\EmberZNet5.3.0-GA\em35x\build\Aurora_dimmer\cli.o"
#        "C:\Users\matthew.shing\Documents\Projects\AONE ZigBee Dimmer\AUCH
#        ETRX357\AONE_Zigbee\EmberZNet5.3.0-GA\em35x\build\Aurora_dimmer\client-api.o"
#        "C:\Users\matthew.shing\Documents\Projects\AONE ZigBee Dimmer\AUCH
#        ETRX357\AONE_Zigbee\EmberZNet5.3.0-GA\em35x\build\Aurora_dimmer\command-interpreter2.o"
#        "C:\Users\matthew.shing\Documents\Projects\AONE ZigBee Dimmer\AUCH
#        ETRX357\AONE_Zigbee\EmberZNet5.3.0-GA\em35x\build\Aurora_dimmer\concentrator-support-cli.o"
#        "C:\Users\matthew.shing\Documents\Projects\AONE ZigBee Dimmer\AUCH
#        ETRX357\AONE_Zigbee\EmberZNet5.3.0-GA\em35x\build\Aurora_dimmer\concentrator-support.o"
#        "C:\Users\matthew.shing\Documents\Projects\AONE ZigBee Dimmer\AUCH
#        ETRX357\AONE_Zigbee\EmberZNet5.3.0-GA\em35x\build\Aurora_dimmer\core-cli.o"
#        "C:\Users\matthew.shing\Documents\Projects\AONE ZigBee Dimmer\AUCH
#        ETRX357\AONE_Zigbee\EmberZNet5.3.0-GA\em35x\build\Aurora_dimmer\counters-cli.o"
#        "C:\Users\matthew.shing\Documents\Projects\AONE ZigBee Dimmer\AUCH
#        ETRX357\AONE_Zigbee\EmberZNet5.3.0-GA\em35x\build\Aurora_dimmer\counters-ota.o"
#        "C:\Users\matthew.shing\Documents\Projects\AONE ZigBee Dimmer\AUCH
#        ETRX357\AONE_Zigbee\EmberZNet5.3.0-GA\em35x\build\Aurora_dimmer\counters-soc.o"
#        "C:\Users\matthew.shing\Documents\Projects\AONE ZigBee Dimmer\AUCH
#        ETRX357\AONE_Zigbee\EmberZNet5.3.0-GA\em35x\build\Aurora_dimmer\crc.o"
#        "C:\Users\matthew.shing\Documents\Projects\AONE ZigBee Dimmer\AUCH
#        ETRX357\AONE_Zigbee\EmberZNet5.3.0-GA\em35x\build\Aurora_dimmer\crypto-state.o"
#        "C:\Users\matthew.shing\Documents\Projects\AONE ZigBee Dimmer\AUCH
#        ETRX357\AONE_Zigbee\EmberZNet5.3.0-GA\em35x\build\Aurora_dimmer\cstartup-iar-common.o"
#        "C:\Users\matthew.shing\Documents\Projects\AONE ZigBee Dimmer\AUCH
#        ETRX357\AONE_Zigbee\EmberZNet5.3.0-GA\em35x\build\Aurora_dimmer\diagnostic.o"
#        "C:\Users\matthew.shing\Documents\Projects\AONE ZigBee Dimmer\AUCH
#        ETRX357\AONE_Zigbee\EmberZNet5.3.0-GA\em35x\build\Aurora_dimmer\eeprom-cli.o"
#        "C:\Users\matthew.shing\Documents\Projects\AONE ZigBee Dimmer\AUCH
#        ETRX357\AONE_Zigbee\EmberZNet5.3.0-GA\em35x\build\Aurora_dimmer\eeprom.o"
#        "C:\Users\matthew.shing\Documents\Projects\AONE ZigBee Dimmer\AUCH
#        ETRX357\AONE_Zigbee\EmberZNet5.3.0-GA\em35x\build\Aurora_dimmer\em_usbd.o"
#        "C:\Users\matthew.shing\Documents\Projects\AONE ZigBee Dimmer\AUCH
#        ETRX357\AONE_Zigbee\EmberZNet5.3.0-GA\em35x\build\Aurora_dimmer\em_usbdch9.o"
#        "C:\Users\matthew.shing\Documents\Projects\AONE ZigBee Dimmer\AUCH
#        ETRX357\AONE_Zigbee\EmberZNet5.3.0-GA\em35x\build\Aurora_dimmer\em_usbdep.o"
#        "C:\Users\matthew.shing\Documents\Projects\AONE ZigBee Dimmer\AUCH
#        ETRX357\AONE_Zigbee\EmberZNet5.3.0-GA\em35x\build\Aurora_dimmer\em_usbhal.o"
#        "C:\Users\matthew.shing\Documents\Projects\AONE ZigBee Dimmer\AUCH
#        ETRX357\AONE_Zigbee\EmberZNet5.3.0-GA\em35x\build\Aurora_dimmer\em_usbint.o"
#        "C:\Users\matthew.shing\Documents\Projects\AONE ZigBee Dimmer\AUCH
#        ETRX357\AONE_Zigbee\EmberZNet5.3.0-GA\em35x\build\Aurora_dimmer\ember-configuration.o"
#        "C:\Users\matthew.shing\Documents\Projects\AONE ZigBee Dimmer\AUCH
#        ETRX357\AONE_Zigbee\EmberZNet5.3.0-GA\em35x\build\end-device-bind-stub-library-cortexm3-iar-em357-em3xx\end-device-bind-stub-library.a"
#        "C:\Users\matthew.shing\Documents\Projects\AONE ZigBee Dimmer\AUCH
#        ETRX357\AONE_Zigbee\EmberZNet5.3.0-GA\em35x\build\Aurora_dimmer\endian.o"
#        "C:\Users\matthew.shing\Documents\Projects\AONE ZigBee Dimmer\AUCH
#        ETRX357\AONE_Zigbee\EmberZNet5.3.0-GA\em35x\build\Aurora_dimmer\ez-mode.o"
#        "C:\Users\matthew.shing\Documents\Projects\AONE ZigBee Dimmer\AUCH
#        ETRX357\AONE_Zigbee\EmberZNet5.3.0-GA\em35x\build\Aurora_dimmer\faults.o"
#        "C:\Users\matthew.shing\Documents\Projects\AONE ZigBee Dimmer\AUCH
#        ETRX357\AONE_Zigbee\EmberZNet5.3.0-GA\em35x\build\Aurora_dimmer\form-and-join-node-adapter.o"
#        "C:\Users\matthew.shing\Documents\Projects\AONE ZigBee Dimmer\AUCH
#        ETRX357\AONE_Zigbee\EmberZNet5.3.0-GA\em35x\build\Aurora_dimmer\form-and-join.o"
#        "C:\Users\matthew.shing\Documents\Projects\AONE ZigBee Dimmer\AUCH
#        ETRX357\AONE_Zigbee\EmberZNet5.3.0-GA\em35x\build\Aurora_dimmer\groups-server-cli.o"
#        "C:\Users\matthew.shing\Documents\Projects\AONE ZigBee Dimmer\AUCH
#        ETRX357\AONE_Zigbee\EmberZNet5.3.0-GA\em35x\build\Aurora_dimmer\groups-server.o"
#        "C:\Users\matthew.shing\Documents\Projects\AONE ZigBee Dimmer\AUCH
#        ETRX357\AONE_Zigbee\EmberZNet5.3.0-GA\em35x\build\hal-library-cortexm3-iar-em357-em3xx\hal-library.a"
#        "C:\Users\matthew.shing\Documents\Projects\AONE ZigBee Dimmer\AUCH
#        ETRX357\AONE_Zigbee\EmberZNet5.3.0-GA\em35x\build\Aurora_dimmer\identify-cli.o"
#        "C:\Users\matthew.shing\Documents\Projects\AONE ZigBee Dimmer\AUCH
#        ETRX357\AONE_Zigbee\EmberZNet5.3.0-GA\em35x\build\Aurora_dimmer\identify.o"
#        "C:\Users\matthew.shing\Documents\Projects\AONE ZigBee Dimmer\AUCH
#        ETRX357\AONE_Zigbee\EmberZNet5.3.0-GA\em35x\build\Aurora_dimmer\idle-sleep-cli.o"
#        "C:\Users\matthew.shing\Documents\Projects\AONE ZigBee Dimmer\AUCH
#        ETRX357\AONE_Zigbee\EmberZNet5.3.0-GA\em35x\build\Aurora_dimmer\idle-sleep-soc.o"
#        "C:\Users\matthew.shing\Documents\Projects\AONE ZigBee Dimmer\AUCH
#        ETRX357\AONE_Zigbee\EmberZNet5.3.0-GA\em35x\build\Aurora_dimmer\idle-sleep.o"
#        "C:\Users\matthew.shing\Documents\Projects\AONE ZigBee Dimmer\AUCH
#        ETRX357\AONE_Zigbee\EmberZNet5.3.0-GA\em35x\build\install-code-library-stub-cortexm3-iar-em357-em3xx\install-code-library-stub.a"
#        "C:\Users\matthew.shing\Documents\Projects\AONE ZigBee Dimmer\AUCH
#        ETRX357\AONE_Zigbee\EmberZNet5.3.0-GA\em35x\build\Aurora_dimmer\isr-stubs.o"
#        "C:\Users\matthew.shing\Documents\Projects\AONE ZigBee Dimmer\AUCH
#        ETRX357\AONE_Zigbee\EmberZNet5.3.0-GA\em35x\build\Aurora_dimmer\led.o"
#        "C:\Users\matthew.shing\Documents\Projects\AONE ZigBee Dimmer\AUCH
#        ETRX357\AONE_Zigbee\EmberZNet5.3.0-GA\em35x\build\Aurora_dimmer\library.o"
#        "C:\Users\matthew.shing\Documents\Projects\AONE ZigBee Dimmer\AUCH
#        ETRX357\AONE_Zigbee\EmberZNet5.3.0-GA\em35x\build\Aurora_dimmer\mem-util.o"
#        "C:\Users\matthew.shing\Documents\Projects\AONE ZigBee Dimmer\AUCH
#        ETRX357\AONE_Zigbee\EmberZNet5.3.0-GA\em35x\build\Aurora_dimmer\message.o"
#        "C:\Users\matthew.shing\Documents\Projects\AONE ZigBee Dimmer\AUCH
#        ETRX357\AONE_Zigbee\EmberZNet5.3.0-GA\em35x\build\Aurora_dimmer\mfg-token.o"
#        "C:\Users\matthew.shing\Documents\Projects\AONE ZigBee Dimmer\AUCH
#        ETRX357\AONE_Zigbee\EmberZNet5.3.0-GA\em35x\build\Aurora_dimmer\micro-common.o"
#        "C:\Users\matthew.shing\Documents\Projects\AONE ZigBee Dimmer\AUCH
#        ETRX357\AONE_Zigbee\EmberZNet5.3.0-GA\em35x\build\Aurora_dimmer\micro.o"
#        "C:\Users\matthew.shing\Documents\Projects\AONE ZigBee Dimmer\AUCH
#        ETRX357\AONE_Zigbee\EmberZNet5.3.0-GA\em35x\build\Aurora_dimmer\mpu.o"
#        "C:\Users\matthew.shing\Documents\Projects\AONE ZigBee Dimmer\AUCH
#        ETRX357\AONE_Zigbee\EmberZNet5.3.0-GA\em35x\build\multi-network-stub-library-cortexm3-iar-em357-em3xx\multi-network-stub-library.a"
#        "C:\Users\matthew.shing\Documents\Projects\AONE ZigBee Dimmer\AUCH
#        ETRX357\AONE_Zigbee\EmberZNet5.3.0-GA\em35x\build\Aurora_dimmer\multi-network.o"
#        "C:\Users\matthew.shing\Documents\Projects\AONE ZigBee Dimmer\AUCH
#        ETRX357\AONE_Zigbee\EmberZNet5.3.0-GA\em35x\build\Aurora_dimmer\network-cli.o"
#        "C:\Users\matthew.shing\Documents\Projects\AONE ZigBee Dimmer\AUCH
#        ETRX357\AONE_Zigbee\EmberZNet5.3.0-GA\em35x\build\Aurora_dimmer\network-find.o"
#        "C:\Users\matthew.shing\Documents\Projects\AONE ZigBee Dimmer\AUCH
#        ETRX357\AONE_Zigbee\EmberZNet5.3.0-GA\em35x\build\Aurora_dimmer\option-cli.o"
#        "C:\Users\matthew.shing\Documents\Projects\AONE ZigBee Dimmer\AUCH
#        ETRX357\AONE_Zigbee\EmberZNet5.3.0-GA\em35x\build\Aurora_dimmer\ota-bootload-cli.o"
#        "C:\Users\matthew.shing\Documents\Projects\AONE ZigBee Dimmer\AUCH
#        ETRX357\AONE_Zigbee\EmberZNet5.3.0-GA\em35x\build\Aurora_dimmer\ota-bootload-soc.o"
#        "C:\Users\matthew.shing\Documents\Projects\AONE ZigBee Dimmer\AUCH
#        ETRX357\AONE_Zigbee\EmberZNet5.3.0-GA\em35x\build\Aurora_dimmer\ota-common.o"
#        "C:\Users\matthew.shing\Documents\Projects\AONE ZigBee Dimmer\AUCH
#        ETRX357\AONE_Zigbee\EmberZNet5.3.0-GA\em35x\build\Aurora_dimmer\ota-storage-common-cli.o"
#        "C:\Users\matthew.shing\Documents\Projects\AONE ZigBee Dimmer\AUCH
#        ETRX357\AONE_Zigbee\EmberZNet5.3.0-GA\em35x\build\Aurora_dimmer\ota-storage-common.o"
#        "C:\Users\matthew.shing\Documents\Projects\AONE ZigBee Dimmer\AUCH
#        ETRX357\AONE_Zigbee\EmberZNet5.3.0-GA\em35x\build\Aurora_dimmer\ota-storage-eeprom-page-erase.o"
#        "C:\Users\matthew.shing\Documents\Projects\AONE ZigBee Dimmer\AUCH
#        ETRX357\AONE_Zigbee\EmberZNet5.3.0-GA\em35x\build\Aurora_dimmer\ota-storage-eeprom-read-modify-write.o"
#        "C:\Users\matthew.shing\Documents\Projects\AONE ZigBee Dimmer\AUCH
#        ETRX357\AONE_Zigbee\EmberZNet5.3.0-GA\em35x\build\Aurora_dimmer\ota-storage-eeprom.o"
#        "C:\Users\matthew.shing\Documents\Projects\AONE ZigBee Dimmer\AUCH
#        ETRX357\AONE_Zigbee\EmberZNet5.3.0-GA\em35x\build\Aurora_dimmer\ota-storage-simple-simulation.o"
#        "C:\Users\matthew.shing\Documents\Projects\AONE ZigBee Dimmer\AUCH
#        ETRX357\AONE_Zigbee\EmberZNet5.3.0-GA\em35x\build\Aurora_dimmer\ota-storage-simple.o"
#        "C:\Users\matthew.shing\Documents\Projects\AONE ZigBee Dimmer\AUCH
#        ETRX357\AONE_Zigbee\EmberZNet5.3.0-GA\em35x\build\packet-validate-library-cortexm3-iar-em357-em3xx\packet-validate-library.a"
#        "C:\Users\matthew.shing\Documents\Projects\AONE ZigBee Dimmer\AUCH
#        ETRX357\AONE_Zigbee\EmberZNet5.3.0-GA\em35x\build\Aurora_dimmer\plugin-cli.o"
#        "C:\Users\matthew.shing\Documents\Projects\AONE ZigBee Dimmer\AUCH
#        ETRX357\AONE_Zigbee\EmberZNet5.3.0-GA\em35x\build\Aurora_dimmer\print-formatter.o"
#        "C:\Users\matthew.shing\Documents\Projects\AONE ZigBee Dimmer\AUCH
#        ETRX357\AONE_Zigbee\EmberZNet5.3.0-GA\em35x\build\Aurora_dimmer\print.o"
#        "C:\Users\matthew.shing\Documents\Projects\AONE ZigBee Dimmer\AUCH
#        ETRX357\AONE_Zigbee\EmberZNet5.3.0-GA\em35x\build\Aurora_dimmer\process-cluster-message.o"
#        "C:\Users\matthew.shing\Documents\Projects\AONE ZigBee Dimmer\AUCH
#        ETRX357\AONE_Zigbee\EmberZNet5.3.0-GA\em35x\build\Aurora_dimmer\process-global-message.o"
#        "C:\Users\matthew.shing\Documents\Projects\AONE ZigBee Dimmer\AUCH
#        ETRX357\AONE_Zigbee\EmberZNet5.3.0-GA\em35x\build\Aurora_dimmer\random.o"
#        "C:\Users\matthew.shing\Documents\Projects\AONE ZigBee Dimmer\AUCH
#        ETRX357\AONE_Zigbee\EmberZNet5.3.0-GA\em35x\build\Aurora_dimmer\reporting-cli.o"
#        "C:\Users\matthew.shing\Documents\Projects\AONE ZigBee Dimmer\AUCH
#        ETRX357\AONE_Zigbee\EmberZNet5.3.0-GA\em35x\build\Aurora_dimmer\reporting.o"
#        "C:\Users\matthew.shing\Documents\Projects\AONE ZigBee Dimmer\AUCH
#        ETRX357\AONE_Zigbee\EmberZNet5.3.0-GA\em35x\build\rf4ce-stack-stub-library-cortexm3-iar-em357-em3xx\rf4ce-stack-stub-library.a"
#        "C:\Users\matthew.shing\Documents\Projects\AONE ZigBee Dimmer\AUCH
#        ETRX357\AONE_Zigbee\EmberZNet5.3.0-GA\em35x\build\Aurora_dimmer\scenes-cli.o"
#        "C:\Users\matthew.shing\Documents\Projects\AONE ZigBee Dimmer\AUCH
#        ETRX357\AONE_Zigbee\EmberZNet5.3.0-GA\em35x\build\Aurora_dimmer\scenes.o"
#        "C:\Users\matthew.shing\Documents\Projects\AONE ZigBee Dimmer\AUCH
#        ETRX357\AONE_Zigbee\EmberZNet5.3.0-GA\em35x\build\Aurora_dimmer\security-address-cache.o"
#        "C:\Users\matthew.shing\Documents\Projects\AONE ZigBee Dimmer\AUCH
#        ETRX357\AONE_Zigbee\EmberZNet5.3.0-GA\em35x\build\Aurora_dimmer\security-cli.o"
#        "C:\Users\matthew.shing\Documents\Projects\AONE ZigBee Dimmer\AUCH
#        ETRX357\AONE_Zigbee\EmberZNet5.3.0-GA\em35x\build\security-library-core-cortexm3-iar-em357-em3xx\security-library-core.a"
#        "C:\Users\matthew.shing\Documents\Projects\AONE ZigBee Dimmer\AUCH
#        ETRX357\AONE_Zigbee\EmberZNet5.3.0-GA\em35x\build\security-library-link-keys-stub-cortexm3-iar-em357-em3xx\security-library-link-keys-stub.a"
#        "C:\Users\matthew.shing\Documents\Projects\AONE ZigBee Dimmer\AUCH
#        ETRX357\AONE_Zigbee\EmberZNet5.3.0-GA\em35x\build\Aurora_dimmer\serial.o"
#        "C:\Users\matthew.shing\Documents\Projects\AONE ZigBee Dimmer\AUCH
#        ETRX357\AONE_Zigbee\EmberZNet5.3.0-GA\em35x\build\Aurora_dimmer\service-discovery-common.o"
#        "C:\Users\matthew.shing\Documents\Projects\AONE ZigBee Dimmer\AUCH
#        ETRX357\AONE_Zigbee\EmberZNet5.3.0-GA\em35x\build\Aurora_dimmer\service-discovery-soc.o"
#        "C:\Users\matthew.shing\Documents\Projects\AONE ZigBee Dimmer\AUCH
#        ETRX357\AONE_Zigbee\EmberZNet5.3.0-GA\em35x\build\Aurora_dimmer\sim-eeprom.o"
#        "C:\Users\matthew.shing\Documents\Projects\AONE ZigBee Dimmer\AUCH
#        ETRX357\AONE_Zigbee\EmberZNet5.3.0-GA\em35x\build\Aurora_dimmer\sleep.o"
#        "C:\Users\matthew.shing\Documents\Projects\AONE ZigBee Dimmer\AUCH
#        ETRX357\AONE_Zigbee\EmberZNet5.3.0-GA\em35x\build\Aurora_dimmer\source-route-common.o"
#        "C:\Users\matthew.shing\Documents\Projects\AONE ZigBee Dimmer\AUCH
#        ETRX357\AONE_Zigbee\EmberZNet5.3.0-GA\em35x\build\Aurora_dimmer\source-route.o"
#        "C:\Users\matthew.shing\Documents\Projects\AONE ZigBee Dimmer\AUCH
#        ETRX357\AONE_Zigbee\EmberZNet5.3.0-GA\em35x\build\Aurora_dimmer\stack-handler-stub.o"
#        "C:\Users\matthew.shing\Documents\Projects\AONE ZigBee Dimmer\AUCH
#        ETRX357\AONE_Zigbee\EmberZNet5.3.0-GA\em35x\build\Aurora_dimmer\token-def.o"
#        "C:\Users\matthew.shing\Documents\Projects\AONE ZigBee Dimmer\AUCH
#        ETRX357\AONE_Zigbee\EmberZNet5.3.0-GA\em35x\build\Aurora_dimmer\token.o"
#        "C:\Users\matthew.shing\Documents\Projects\AONE ZigBee Dimmer\AUCH
#        ETRX357\AONE_Zigbee\EmberZNet5.3.0-GA\em35x\build\Aurora_dimmer\uart.o"
#        "C:\Users\matthew.shing\Documents\Projects\AONE ZigBee Dimmer\AUCH
#        ETRX357\AONE_Zigbee\EmberZNet5.3.0-GA\em35x\build\Aurora_dimmer\util.o"
#        "C:\Users\matthew.shing\Documents\Projects\AONE ZigBee Dimmer\AUCH
#        ETRX357\AONE_Zigbee\EmberZNet5.3.0-GA\em35x\build\Aurora_dimmer\zcl-cli.o"
#        "C:\Users\matthew.shing\Documents\Projects\AONE ZigBee Dimmer\AUCH
#        ETRX357\AONE_Zigbee\EmberZNet5.3.0-GA\em35x\build\Aurora_dimmer\zdo-cli.o"
#        "C:\Users\matthew.shing\Documents\Projects\AONE ZigBee Dimmer\AUCH
#        ETRX357\AONE_Zigbee\EmberZNet5.3.0-GA\em35x\build\Aurora_dimmer\zigbee-device-common.o"
#        "C:\Users\matthew.shing\Documents\Projects\AONE ZigBee Dimmer\AUCH
#        ETRX357\AONE_Zigbee\EmberZNet5.3.0-GA\em35x\build\Aurora_dimmer\zigbee-device-library.o"
#        "C:\Users\matthew.shing\Documents\Projects\AONE ZigBee Dimmer\AUCH
#        ETRX357\AONE_Zigbee\EmberZNet5.3.0-GA\em35x\build\zigbee-pro-stack-cortexm3-iar-em357-em3xx\zigbee-pro-stack.a"
#        "C:\Users\matthew.shing\Documents\Projects\AONE ZigBee Dimmer\AUCH
#        ETRX357\AONE_Zigbee\EmberZNet5.3.0-GA\em35x\build\zll-stub-library-cortexm3-iar-em357-em3xx\zll-stub-library.a"
#        --redirect _Printf=_PrintfFull --redirect _Scanf=_ScanfFull -o
#        "C:\Users\matthew.shing\Documents\Projects\AONE ZigBee Dimmer\AUCH
#        ETRX357\AONE_Zigbee\EmberZNet5.3.0-GA\em35x\build\Aurora_dimmer\Aurora_dimmer.out"
#        --config_def APP_BTL=1 --map
#        "C:\Users\matthew.shing\Documents\Projects\AONE ZigBee Dimmer\AUCH
#        ETRX357\AONE_Zigbee\EmberZNet5.3.0-GA\em35x\build\Aurora_dimmer\Aurora_dimmer.map"
#        --log initialization,modules,sections,veneers --log_file
#        "C:\Users\matthew.shing\Documents\Projects\AONE ZigBee Dimmer\AUCH
#        ETRX357\AONE_Zigbee\EmberZNet5.3.0-GA\em35x\build\Aurora_dimmer\Aurora_dimmer.log"
#        --config "C:\Users\matthew.shing\Documents\Projects\AONE ZigBee
#        Dimmer\AUCH
#        ETRX357\AONE_Zigbee\EmberZNet5.3.0-GA\em35x\app\builder\Aurora_dimmer/../../../../../../16.09.23
#        Fixedonoff/EmberZNet5.3.0-GA/em35x/hal/micro/cortexm3/em35x/em357/iar-cfg.icf"
#        --diag_suppress Lp012 --entry halEntryPoint --vfe
#
###############################################################################

*******************************************************************************
*** RUNTIME MODEL ATTRIBUTES
***

CppFlavor       = *
__SystemLibrary = DLib


*******************************************************************************
*** PLACEMENT SUMMARY
***

"BAT": place at 0x08000000 { section BAT };
"HEADERS":
       place at start of [0x08002000-0x080020ff] { block HEADER_block };
"APP ro":
       place at start of [0x08002100-0x0802ffff] { block APPRO_block };
"NVM&SIMEE":
       place at end of [0x08002100-0x0802ffff] {
          zi section NVM, zi section SIMEE, zi section INTERNAL_STORAGE };
"FAT": place at 0x08040000 { section FAT };
"DEBUGCHAN":
       place at start of [0x20002ff0-0x20002fff] { rw section DEBUG_CHANNEL };
"APP rw":
       place at end of [0x20000000-0x20002fef] { block APPRW_block };
"Heap":
       place at start of [0x20000000-0x20002fef] { overlay EMHEAP_overlay };
"Guard":
       place in [from 0x20000000 to 0x20002fef] { rw section GUARD_REGION };

  Section                 Kind        Address     Size  Object
  -------                 ----        -------     ----  ------
"BAT":                                            0x54
  BAT                     uninit   0x08000000     0x54  cstartup-iar-common.o [1]
                                 - 0x08000054     0x54

"HEADERS":                                        0xac
  HEADER_block                     0x08002000     0xac  <Block>
    AAT                   const    0x08002000     0xac  cstartup-iar-common.o [1]
                                 - 0x080020ac     0xac

"APP ro":                                      0x24548
  APPRO_block                      0x08002100  0x24548  <Block>
    .intvec               const    0x08002100     0x90  cstartup-iar-common.o [1]
    .text                          0x08002190  0x2335c  <Block>
      .text               ro code  0x08002190     0xc4  adc.o [1]
      .text               ro code  0x08002254    0x5b4  analogue.o [21]
      .text               ro code  0x08002808     0xec  analogue-cell-bias.o [21]
      .text               ro code  0x080028f4     0x68  mfg-token.o [1]
      .text               ro code  0x0800295c    0x114  token.o [1]
      .text               ro code  0x08002a70    0x5ac  phy.o [21]
      .text               ro code  0x0800301c     0x50  analogue-filter.o [21]
      .text               ro code  0x0800306c    0x89c  phy-common.o [21]
      .text               ro code  0x08003908    0x454  clocks.o [12]
      .text               ro code  0x08003d5c    0x1f0  micro-common-internal.o [12]
      .text               ro code  0x08003f4c    0x2f0  micro.o [1]
      .text               ro code  0x0800423c     0xd0  analogue-vco.o [21]
      .text               ro code  0x0800430c    0x268  analogue-mod-dac.o [21]
      .text               ro code  0x08004574    0x1aa  analogue-lna.o [21]
      .text               ro code  0x08004720    0x11c  caladc.o [12]
      .text               ro code  0x0800483c    0xb2c  diagnostic.o [1]
      .text               ro code  0x08005368     0xd2  mem-util.o [1]
      .text               ro code  0x0800543c    0x120  sim-eeprom.o [1]
      .text               ro code  0x0800555c    0xad0  sim-eeprom-internal.o [12]
      .text               ro code  0x0800602c      0xc  spmr.o [12]
      .text               ro code  0x08006038      0x6  spmr.o [12]
      .text               ro code  0x08006040    0x5ac  mac-indirect.o [21]
      .text               ro code  0x080065ec     0x40  child-table.o [21]
      .text               ro code  0x0800662c    0x208  ember-multi-network-stub.o [15]
      .text               ro code  0x08006834    0x2c8  mac-receive.o [21]
      .text               ro code  0x08006afc    0x1ac  mac-em250.o [21]
      .text               ro code  0x08006ca8     0xae  aes.o [21]
      .text               ro code  0x08006d56      0x8  abs.o [10]
      .text               ro code  0x08006d60     0x48  random.o [1]
      .text               ro code  0x08006da8      0xe  spmr.o [12]
      .text               ro code  0x08006db8      0x8  spmr.o [12]
      .text               ro code  0x08006dc0    0x664  sleep.o [1]
      .text               ro code  0x08007424     0x18  eui64.o [21]
      .text               ro code  0x0800743c     0xe0  micro-common.o [1]
      .text               ro code  0x0800751c      0x4  spmr.o [12]
      .text               ro code  0x08007520      0x8  context-switch.o [12]
      .text               ro code  0x08007528      0xe  spmr.o [12]
      .text               ro code  0x08007538      0x4  spmr.o [12]
      .text               ro code  0x0800753c    0x324  uart.o [1]
      .text               ro code  0x08007860     0xa8  button.o [1]
      .text               ro code  0x08007908    0x19c  micro-internal.o [12]
      .text               ro code  0x08007aa4     0x94  cstartup-iar-common.o [1]
      .text               ro code  0x08007b38    0x2d0  debug.o [21]
      .text               ro code  0x08007e08    0x4a8  serial.o [1]
      .text               ro code  0x080082b0      0x6  ABImemclr4.o [18]
      .text               ro code  0x080082b8     0x66  ABImemset.o [18]
      .text               ro code  0x08008320    0x120  flash.o [12]
      .text               ro code  0x08008440     0xac  ember-configuration.o [1]
      .text               ro code  0x080084ec    0x100  system-timer.o [12]
      .text               ro code  0x080085ec    0x24c  packet-header.o [21]
      .text               ro code  0x08008838    0x6fc  packet-buffer.o [21]
      .text               ro code  0x08008f34    0x258  event-control.o [21]
      .text               ro code  0x0800918c    0x40c  mac-arbiter.o [21]
      .text               ro code  0x08009598     0x22  I64Shl.o [18]
      .text               ro code  0x080095bc   0x14d8  network.o [21]
      .text               ro code  0x0800aa94    0x450  mac.o [21]
      .text               ro code  0x0800aee4    0x720  child.o [21]
      .text               ro code  0x0800b604    0x168  ember-stack-common.o [21]
      .text               ro code  0x0800b76c     0x4c  rf4ce-stack-stubs.o [17]
      .text               ro code  0x0800b7b8    0x488  af-main-soc.o [1]
      .text               ro code  0x0800bc40    0x154  counters-soc.o [1]
      .text               ro code  0x0800bd94    0x330  mac-header.o [21]
      .text               ro code  0x0800c0c4     0x62  led.o [1]
      .text               ro code  0x0800c128     0x5c  symbol-timer.o [21]
      .text               ro code  0x0800c184     0x44  byte-utilities.o [21]
      .text               ro code  0x0800c1c8     0x74  mpu.o [1]
      .text               ro code  0x0800c23c    0x808  af-main-common.o [1]
      .text               ro code  0x0800ca44    0x288  debug-jtag.o [21]
      .text               ro code  0x0800cccc     0x32  ABImemset48.o [18]
      .text               ro code  0x0800cd00    0x288  jit.o [21]
      .text               ro code  0x0800cf88    0x370  command.o [21]
      .text               ro code  0x0800d2f8    0x3d4  scan.o [21]
      .text               ro code  0x0800d6cc    0x4e0  route-table.o [21]
      .text               ro code  0x0800dbac    0x150  broadcast.o [21]
      .text               ro code  0x0800dcfc    0x28a  retry.o [21]
      .text               ro code  0x0800df88     0x64  unicast-table.o [21]
      .text               ro code  0x0800dfec    0x640  neighbor.o [21]
      .text               ro code  0x0800e62c    0x590  crypto.o [21]
      .text               ro code  0x0800ebbc    0x30c  aps-encryption.o [19]
      .text               ro code  0x0800eec8    0x458  zigbee-stack.o [21]
      .text               ro code  0x0800f320    0x580  zigbee-packet-header.o [21]
      .text               ro code  0x0800f8a0    0x780  route-discovery.o [21]
      .text               ro code  0x08010020    0x880  application-support.o [21]
      .text               ro code  0x080108a0    0xc80  aps-security.o [19]
      .text               ro code  0x08011520   0x1586  association.o [21]
      .text               ro code  0x08012aa8    0x1f4  zigbee-neighbor.o [21]
      .text               ro code  0x08012c9c     0x2e  zll-stubs.o [22]
      .text               ro code  0x08012ccc    0x398  packet-validate.o [16]
      .text               ro code  0x08013064    0x2dc  random-id.o [21]
      .text               ro code  0x08013340    0x148  route-error.o [21]
      .text               ro code  0x08013488    0x398  leave.o [21]
      .text               ro code  0x08013820     0xec  source-route.o [1]
      .text               ro code  0x0801390c    0x360  neighbor-exchange.o [21]
      .text               ro code  0x08013c6c    0x334  management.o [21]
      .text               ro code  0x08013fa0    0x400  address-table.o [21]
      .text               ro code  0x080143a0    0x17c  child-aging.o [21]
      .text               ro code  0x0801451c    0x8b0  aps-retry.o [21]
      .text               ro code  0x08014dcc      0xc  alarm-stub.o [3]
      .text               ro code  0x08014dd8    0x4f8  Aurora_dimmer_callbacks.o [1]
      .text               ro code  0x080152d0     0x88  print.o [1]
      .text               ro code  0x08015358     0x4c  multi-network.o [1]
      .text               ro code  0x080153a4    0xc68  attribute-storage.o [1]
      .text               ro code  0x0801600c    0xb14  util.o [1]
      .text               ro code  0x08016b20     0xa8  security-address-cache.o [1]
      .text               ro code  0x08016bc8    0xdf0  aurora-button-joining.o [1]
      .text               ro code  0x080179b8    0x274  af-event.o [1]
      .text               ro code  0x08017c2c     0xb4  zigbee-dispatch.o [21]
      .text               ro code  0x08017ce0     0x98  callback-stub.o [1]
      .text               ro code  0x08017d78    0x484  binding-table.o [4]
      .text               ro code  0x080181fc    0x302  form-and-join.o [1]
      .text               ro code  0x08018500     0x10  crypto-state.o [1]
      .text               ro code  0x08018510    0x198  zigbee-device-library.o [1]
      .text               ro code  0x080186a8    0x29e  service-discovery-common.o [1]
      .text               ro code  0x08018948    0x10c  concentrator-support.o [1]
      .text               ro code  0x08018a54     0x40  af-security-common.o [1]
      .text               ro code  0x08018a94    0x180  token-cache.o [21]
      .text               ro code  0x08018c14   0x1a5c  aurora-ota-client.o [1]
      .text               ro code  0x0801a670    0x378  network-find.o [1]
      .text               ro code  0x0801a9e8     0xd4  af-trust-center.o [1]
      .text               ro code  0x0801aabc     0x74  af-node.o [1]
      .text               ro code  0x0801ab30     0x24  crc.o [1]
      .text               ro code  0x0801ab54    0x3cc  aps-keys.o [19]
      .text               ro code  0x0801af20    0x15c  aes-mmo.o [19]
      .text               ro code  0x0801b07c     0x62  hmac.o [19]
      .text               ro code  0x0801b0e0     0x80  ember-library.o [21]
      .text               ro code  0x0801b160     0x12  phy-util.o [21]
      .text               ro code  0x0801b172      0x6  cbke-crypto-engine-163k1-stub.o [5]
      .text               ro code  0x0801b178      0x6  cbke-crypto-engine-283k1-stub.o [6]
      .text               ro code  0x0801b180    0x370  zdo-channel.o [21]
      .text               ro code  0x0801b4f0      0xe  cbke-crypto-engine-stub.o [9]
      .text               ro code  0x0801b4fe      0x4  cbke-crypto-engine-dsa-sign-stub.o [7]
      .text               ro code  0x0801b504    0x5b8  zigbee-device-util.o [21]
      .text               ro code  0x0801babc      0x4  install-code-stub.o [13]
      .text               ro code  0x0801bac0      0x4  aps-skke-stub.o [19]
      .text               ro code  0x0801bac4    0x488  trust-center-util.o [19]
      .text               ro code  0x0801bf4c      0xe  aps-keys-full-stub.o [20]
      .text               ro code  0x0801bf5a      0x8  high-security-stub.o [19]
      .text               ro code  0x0801bf64    0x124  source-route-common.o [1]
      .text               ro code  0x0801c088    0x5c4  aurora-colour-control.o [1]
      .text               ro code  0x0801c64c     0x40  aurora-level-control-hal.o [1]
      .text               ro code  0x0801c68c     0xac  aurora-button-joining-hal.o [1]
      .text               ro code  0x0801c738    0x1ac  aurora-host-hal.o [1]
      .text               ro code  0x0801c8e4     0xbc  aurora-pwm-hal.o [1]
      .text               ro code  0x0801c9a0   0x104c  aurora-colour-conversion.o [1]
      .text               ro code  0x0801d9ec    0x6c8  aurora-host-plc-protocol.o [1]
      .text               ro code  0x0801e0b4     0xc0  aurora-pwm.o [1]
      .text               ro code  0x0801e174    0x124  aurora-host-protocol.o [1]
      .text               ro code  0x0801e298    0x500  aurora-tunneling-server.o [1]
      .text               ro code  0x0801e798     0x48  idle-sleep-soc.o [1]
      .text               ro code  0x0801e7e0    0x598  attribute-table.o [1]
      .text               ro code  0x0801ed78    0x288  client-api.o [1]
      .text               ro code  0x0801f000      0x2  address-table-soc.o [1]
      .text               ro code  0x0801f004    0x838  reporting.o [1]
      .text               ro code  0x0801f83c     0xf4  print-formatter.o [1]
      .text               ro code  0x0801f930    0x3fc  groups-server.o [1]
      .text               ro code  0x0801fd2c     0x90  process-cluster-message.o [1]
      .text               ro code  0x0801fdbc    0x5ac  process-global-message.o [1]
      .text               ro code  0x08020368    0x194  message.o [1]
      .text               ro code  0x080204fc     0x68  form-and-join-node-adapter.o [1]
      .text               ro code  0x08020564     0x32  zigbee-device-common.o [1]
      .text               ro code  0x08020596     0x56  service-discovery-soc.o [1]
      .text               ro code  0x080205ec    0x29c  ota-storage-eeprom.o [1]
      .text               ro code  0x08020888    0x4b4  ota-storage-simple.o [1]
      .text               ro code  0x08020d3c    0x2b4  aurora-ota-client-policy.o [1]
      .text               ro code  0x08020ff0     0x20  aurora-ota-client-page-request.o [1]
      .text               ro code  0x08021010     0xe0  ota-common.o [1]
      .text               ro code  0x080210f0    0x338  ota-storage-eeprom-page-erase.o [1]
      .text               ro code  0x08021428     0x76  ABImemcpy_unaligned.o [18]
      .text               ro code  0x080214a0    0x188  ota-storage-common.o [1]
      .text               ro code  0x08021628      0x4  aurora-ota-client-signature-verify.o [1]
      .text               ro code  0x0802162c    0x84c  zigbee-device.o [21]
      .text               ro code  0x08021e78      0x8  end-device-bind-stub.o [11]
      .text               ro code  0x08021e80     0x32  I32ToFlt.o [14]
      .text               ro code  0x08021eb4     0xfc  FltDiv.o [14]
      .text               ro code  0x08021fb0     0xd8  FltMul.o [14]
      .text               ro code  0x08022088     0x84  FltAdd.o [14]
      .text               ro code  0x0802210c     0x44  FltToS32.o [14]
      .text               ro code  0x08022150     0xe6  FltSub.o [14]
      .text               ro code  0x08022238    0x84c  aurora-level-control.o [1]
      .text               ro code  0x08022a84     0x24  FltCmpGe.o [14]
      .text               ro code  0x08022aa8     0x24  FltCmpLe.o [14]
      .text               ro code  0x08022acc     0x8c  idle-sleep.o [1]
      .text               ro code  0x08022b58     0x4c  attribute-size.o [1]
      .text               ro code  0x08022ba4    0xc84  scenes.o [1]
      .text               ro code  0x08023828    0x5ec  call-command-handler.o [1]
      .text               ro code  0x08023e14    0x246  eeprom.o [1]
      .text               ro code  0x0802405c    0x1ac  bootloader-interface-app.o [1]
      .text               ro code  0x08024208    0x38c  ota-storage-common-cli.o [1]
      .text               ro code  0x08024594    0x3a4  aurora-host-bootload.o [1]
      .text               ro code  0x08024938     0x28  ota-bootload-soc.o [1]
      .text               ro code  0x08024960    0x1c4  zdo-binding-table.o [4]
      .text               ro code  0x08024b24    0x27c  aurora-on-off.o [1]
      .text               ro code  0x08024da0    0x2dc  ez-mode.o [1]
      .text               ro code  0x0802507c    0x11c  identify.o [1]
      .text               ro code  0x08025198     0x9c  buzzer.o [1]
      .text               ro code  0x08025234     0x80  faults.o [1]
      .text               ro code  0x080252b4      0x0  isr-stubs.o [1]
      .text               ro code  0x080252b4      0x0  isr-stubs.o [1]
      .text               ro code  0x080252b4      0x0  isr-stubs.o [1]
      .text               ro code  0x080252b4      0x0  isr-stubs.o [1]
      .text               ro code  0x080252b4      0x0  isr-stubs.o [1]
      .text               ro code  0x080252b4      0x0  isr-stubs.o [1]
      .text               ro code  0x080252b4      0x0  isr-stubs.o [1]
      .text               ro code  0x080252b4      0x0  isr-stubs.o [1]
      .text               ro code  0x080252b4      0x0  isr-stubs.o [1]
      .text               ro code  0x080252b4      0x0  isr-stubs.o [1]
      .text               ro code  0x080252b4      0x0  isr-stubs.o [1]
      .text               ro code  0x080252b4      0x0  isr-stubs.o [1]
      .text               ro code  0x080252b4      0x0  isr-stubs.o [1]
      .text               ro code  0x080252b4      0x4  isr-stubs.o [1]
      .text               ro code  0x080252b8    0x1cc  cstartup-iar.o [12]
      .text               ro code  0x08025484      0x6  ABImemclr.o [18]
      .text               ro code  0x0802548c     0x10  context-switch.o [12]
      .text               ro code  0x0802549c     0x38  context-switch.o [12]
      .text               ro code  0x080254d4     0x18  cal-pads.o [21]
    .rodata               const    0x080254ec     0x10  af-main-common.o [1]
    .rodata               const    0x080254fc     0x78  attribute-storage.o [1]
    .rodata               const    0x08025574    0x278  aurora-ota-client.o [1]
    .rodata               const    0x080257ec    0x4f0  diagnostic.o [1]
    .rodata               const    0x08025cdc      0x3  ember-configuration.o [1]
    .rodata               const    0x08025cdf      0x1  binding-table.o [4]
    .rodata               const    0x08025ce0     0xec  micro.o [1]
    .rodata               const    0x08025dcc      0xc  ota-common.o [1]
    .rodata               const    0x08025dd8      0x8  serial.o [1]
    .rodata               const    0x08025de0     0x34  sim-eeprom.o [1]
    .rodata               const    0x08025e14    0x360  token-def.o [1]
    .rodata               const    0x08026174     0x84  util.o [1]
    .rodata               const    0x080261f8      0x8  ember-version.o [21]
    .rodata               const    0x08026200      0x8  rf4ce-stack-stubs.o [17]
    .rodata               const    0x08026208     0x1c  mfg-token.o [1]
    .rodata               const    0x08026224      0x2  micro-common.o [1]
    .rodata               const    0x08026226      0x1  zll-stubs.o [22]
    .rodata               const    0x08026227      0x1  ember-library.o [21]
    .rodata               const    0x08026228      0x1  aps-keys-full-stub.o [20]
    .rodata               const    0x08026229      0x1  trust-center-util.o [19]
    .rodata               const    0x0802622a      0x1  aps-skke-stub.o [19]
    .rodata               const    0x0802622b      0x1  cbke-crypto-engine-stub.o [9]
    .rodata               const    0x0802622c      0x1  route-table.o [21]
    .rodata               const    0x0802622d      0x1  install-code-stub.o [13]
    .rodata               const    0x0802622e      0x1  end-device-bind-stub.o [11]
    .rodata               const    0x0802622f      0x1  alarm-stub.o [3]
    .rodata               const    0x08026230      0x1  cbke-crypto-engine-dsa-sign-stub.o [7]
    .rodata               const    0x08026231      0x1  packet-validate.o [16]
    .rodata               const    0x08026232      0x1  cbke-crypto-engine-163k1-stub.o [5]
    .rodata               const    0x08026233      0x1  cbke-crypto-engine-283k1-stub.o [6]
    .rodata               const    0x08026234      0x1  cbke-crypto-engine-dsa-verify-stub.o [8]
    .data_init                     0x08026238    0x410  <Block>
      Initializer bytes   const    0x08026238    0x410  <for .data-1>
                                 - 0x08026648  0x24548

"NVM&SIMEE":                                    0x2000
  SIMEE                            0x0802e000   0x2000  <Block>
    SIMEE                 uninit   0x0802e000   0x2000  sim-eeprom.o [1]
                                 - 0x08030000   0x2000

"FAT":                                            0x2c
  FAT                     uninit   0x08040000     0x2c  cstartup-iar-common.o [1]
                                 - 0x0804002c     0x2c

"Heap":                                          0xd60
  EMHEAP_overlay                   0x20000000    0xd48  <Overlay>
    part 1:
      EMHEAP              uninit   0x20000000    0xd48  ember-configuration.o [1]
    part 2:
      RESETINFO                    0x20000000     0x98  <Block>
        RESETINFO         rw data  0x20000000      0x0  faults.o [1]
        RESETINFO         rw data  0x20000000      0x0  isr-stubs.o [1]
        RESETINFO         rw data  0x20000000      0x0  spmr.o [12]
        RESETINFO         rw data  0x20000000      0x0  context-switch.o [12]
        RESETINFO         uninit   0x20000000     0x98  cstartup-iar-common.o [1]
                                 - 0x20000d48    0xd48

"Guard":                                          0x20
  GUARD_REGION            uninit   0x20000d60     0x20  cstartup-iar-common.o [1]
                                 - 0x20000d80     0x20

"APP rw":                                       0x1cd5
  APPRW_block                      0x20001318   0x1cd5  <Block>
    ALIGN_CSTACK                   0x20001318    0x960  <Block>
      CSTACK                       0x20001318    0x960  <Block>
        CSTACK            rw data  0x20001318      0x0  faults.o [1]
        CSTACK            rw data  0x20001318      0x0  isr-stubs.o [1]
        CSTACK            rw data  0x20001318      0x0  spmr.o [12]
        CSTACK            rw data  0x20001318      0x0  context-switch.o [12]
        CSTACK            uninit   0x20001318    0x960  cstartup-iar-common.o [1]
    .data                          0x20001c78    0x410  <Block>
      .data-1                      0x20001c78    0x40e  <Init block>
        .data             inited   0x20001c78     0x4c  af-event.o [1]
        .data             inited   0x20001cc4      0x1  af-main-common.o [1]
        .data             inited   0x20001cc8     0x14  aurora-button-joining.o [1]
        .data             inited   0x20001cdc     0x10  aurora-button-joining.o [1]
        .data             inited   0x20001cec     0x44  aurora-colour-conversion.o [1]
        .data             inited   0x20001d30      0xc  aurora-host-plc-protocol.o [1]
        .data             inited   0x20001d3c     0x50  aurora-ota-client.o [1]
        .data             inited   0x20001d8c      0x8  buzzer.o [1]
        .data             inited   0x20001d94     0x12  eeprom.o [1]
        .data             inited   0x20001da6      0x1  ember-configuration.o [1]
        .data             inited   0x20001da7      0x1  ember-configuration.o [1]
        .data             inited   0x20001da8      0x4  ember-configuration.o [1]
        .data             inited   0x20001dac      0x4  ember-configuration.o [1]
        .data             inited   0x20001db0      0x4  ember-configuration.o [1]
        .data             inited   0x20001db4      0x4  ember-configuration.o [1]
        .data             inited   0x20001db8      0x4  ember-configuration.o [1]
        .data             inited   0x20001dbc      0x1  ember-configuration.o [1]
        .data             inited   0x20001dc0      0x4  ember-configuration.o [1]
        .data             inited   0x20001dc4      0x1  ember-configuration.o [1]
        .data             inited   0x20001dc8      0x4  ember-configuration.o [1]
        .data             inited   0x20001dcc      0x4  ember-configuration.o [1]
        .data             inited   0x20001dd0      0x4  ember-configuration.o [1]
        .data             inited   0x20001dd4      0x1  ember-configuration.o [1]
        .data             inited   0x20001dd8      0x4  ember-configuration.o [1]
        .data             inited   0x20001ddc      0x4  ember-configuration.o [1]
        .data             inited   0x20001de0      0x1  ember-configuration.o [1]
        .data             inited   0x20001de4      0x4  ember-configuration.o [1]
        .data             inited   0x20001de8      0x1  ember-configuration.o [1]
        .data             inited   0x20001dec      0x4  ember-configuration.o [1]
        .data             inited   0x20001df0      0x1  ember-configuration.o [1]
        .data             inited   0x20001df4      0x4  ember-configuration.o [1]
        .data             inited   0x20001df8      0x1  ember-configuration.o [1]
        .data             inited   0x20001dfc      0x4  ember-configuration.o [1]
        .data             inited   0x20001e00      0x4  ember-configuration.o [1]
        .data             inited   0x20001e04      0x1  ember-configuration.o [1]
        .data             inited   0x20001e08      0x4  ember-configuration.o [1]
        .data             inited   0x20001e0c      0x1  ember-configuration.o [1]
        .data             inited   0x20001e10      0x4  ember-configuration.o [1]
        .data             inited   0x20001e14      0x1  ember-configuration.o [1]
        .data             inited   0x20001e18      0x4  ember-configuration.o [1]
        .data             inited   0x20001e1c      0x2  ember-configuration.o [1]
        .data             inited   0x20001e1e      0x1  ember-configuration.o [1]
        .data             inited   0x20001e20      0x4  ember-configuration.o [1]
        .data             inited   0x20001e24      0x1  ember-configuration.o [1]
        .data             inited   0x20001e25      0x1  ember-configuration.o [1]
        .data             inited   0x20001e26      0x1  ember-configuration.o [1]
        .data             inited   0x20001e27      0x1  ember-configuration.o [1]
        .data             inited   0x20001e28      0x1  ember-configuration.o [1]
        .data             inited   0x20001e2a      0x2  ember-configuration.o [1]
        .data             inited   0x20001e2c      0x1  ember-configuration.o [1]
        .data             inited   0x20001e2d      0x1  ember-configuration.o [1]
        .data             inited   0x20001e2e      0x1  ember-configuration.o [1]
        .data             inited   0x20001e2f      0x1  ember-configuration.o [1]
        .data             inited   0x20001e30      0xc  form-and-join-node-adapter.o [1]
        .data             inited   0x20001e3c     0x28  micro.o [1]
        .data             inited   0x20001e64     0x40  mpu.o [1]
        .data             inited   0x20001ea4      0xc  ota-common.o [1]
        .data             inited   0x20001eb0      0x8  ota-storage-eeprom-page-erase.o [1]
        .data             inited   0x20001eb8      0x2  print.o [1]
        .data             inited   0x20001eba      0x4  random.o [1]
        .data             inited   0x20001ec0     0x2c  serial.o [1]
        .data             inited   0x20001eec      0x2  source-route-common.o [1]
        .data             inited   0x20001eee      0x1  source-route.o [1]
        .data             inited   0x20001ef0      0x4  source-route.o [1]
        .data             inited   0x20001ef4     0x20  util.o [1]
        .data             inited   0x20001f14      0x1  util.o [1]
        .data             inited   0x20001f15      0x1  zigbee-device-common.o [1]
        .data             inited   0x20001f16      0x9  analogue.o [21]
        .data             inited   0x20001f20      0xe  analogue.o [21]
        .data             inited   0x20001f30     0x24  association.o [21]
        .data             inited   0x20001f54      0xc  association.o [21]
        .data             inited   0x20001f60      0x2  token-cache.o [21]
        .data             inited   0x20001f62      0xa  zigbee-device.o [21]
        .data             inited   0x20001f6c      0x1  packet-buffer.o [21]
        .data             inited   0x20001f6e      0x6  child.o [21]
        .data             inited   0x20001f74      0x4  application-support.o [21]
        .data             inited   0x20001f78      0x8  zigbee-stack.o [21]
        .data             inited   0x20001f80      0x1  zigbee-stack.o [21]
        .data             inited   0x20001f84     0x1c  phy-common.o [21]
        .data             inited   0x20001fa0      0x1  phy-common.o [21]
        .data             inited   0x20001fa4      0xe  leave.o [21]
        .data             inited   0x20001fb4      0x4  micro-internal.o [12]
        .data             inited   0x20001fb8      0x4  network.o [21]
        .data             inited   0x20001fbc      0x1  network.o [21]
        .data             inited   0x20001fc0      0x4  debug.o [21]
        .data             inited   0x20001fc4     0x24  scan.o [21]
        .data             inited   0x20001fe8      0xa  clocks.o [12]
        .data             inited   0x20001ff2      0x1  zigbee-device-util.o [21]
        .data             inited   0x20001ff4      0x8  analogue-mod-dac.o [21]
        .data             inited   0x20001ffc      0xe  aps-retry.o [21]
        .data             inited   0x2000200a      0x2  trust-center-util.o [19]
        .data             inited   0x2000200c      0xe  management.o [21]
        .data             inited   0x2000201a      0x2  random-id.o [21]
        .data             inited   0x2000201c     0x14  mac-arbiter.o [21]
        .data             inited   0x20002030      0x8  mac-arbiter.o [21]
        .data             inited   0x20002038     0x12  mac-indirect.o [21]
        .data             inited   0x2000204c     0x14  zdo-channel.o [21]
        .data             inited   0x20002060     0x10  mac-receive.o [21]
        .data             inited   0x20002070      0x1  packet-validate.o [16]
        .data             inited   0x20002071      0x2  mac-em250.o [21]
        .data             inited   0x20002073      0x1  mac-em250.o [21]
        .data             inited   0x20002074      0xe  jit.o [21]
        .data             inited   0x20002082      0x4  mac-header.o [21]
    DLIB_PERTHREAD_INITIALIZED_DATA
                                   0x20002088      0x0  <Block>
    DLIB_PERTHREAD_ZERO_DATA
                                   0x20002088      0x0  <Block>
    .bss                           0x20002088    0xf65  <Block>
      .bss                uninit   0x20002088     0x10  mac-indirect.o [21]
      .bss                uninit   0x20002098     0x1e  adc.o [1]
      .bss                uninit   0x200020b6      0x2  cstartup-iar-common.o [1]
      .bss                uninit   0x200020b8      0x8  af-event.o [1]
      .bss                uninit   0x200020c0      0x8  af-event.o [1]
      .bss                uninit   0x200020c8      0x8  af-event.o [1]
      .bss                uninit   0x200020d0      0x8  af-event.o [1]
      .bss                uninit   0x200020d8      0x8  af-event.o [1]
      .bss                uninit   0x200020e0      0x8  af-event.o [1]
      .bss                uninit   0x200020e8     0x18  af-main-common.o [1]
      .bss                uninit   0x20002100     0x30  attribute-storage.o [1]
      .bss                uninit   0x20002130    0x178  attribute-storage.o [1]
      .bss                uninit   0x200022a8     0x34  aurora-button-joining.o [1]
      .bss                uninit   0x200022dc      0x8  aurora-button-joining.o [1]
      .bss                uninit   0x200022e4      0xc  aurora-button-joining.o [1]
      .bss                uninit   0x200022f0     0x30  aurora-colour-control.o [1]
      .bss                uninit   0x20002320     0x24  aurora-colour-conversion.o [1]
      .bss                uninit   0x20002344     0x8c  aurora-host-bootload.o [1]
      .bss                uninit   0x200023d0      0x8  aurora-host-hal.o [1]
      .bss                uninit   0x200023d8      0x8  aurora-host-hal.o [1]
      .bss                uninit   0x200023e0     0x80  aurora-host-hal.o [1]
      .bss                uninit   0x20002460      0xc  aurora-host-plc-protocol.o [1]
      .bss                uninit   0x2000246c     0x40  aurora-host-plc-protocol.o [1]
      .bss                uninit   0x200024ac     0x41  aurora-host-plc-protocol.o [1]
      .bss                uninit   0x200024ed      0x3  security-address-cache.o [1]
      .bss                uninit   0x200024f0     0x18  aurora-level-control.o [1]
      .bss                uninit   0x20002508     0x60  aurora-tunneling-server.o [1]
      .bss                uninit   0x20002568      0xc  Aurora_dimmer_callbacks.o [1]
      .bss                uninit   0x20002574     0x18  bootloader-interface-app.o [1]
      .bss                uninit   0x2000258c    0x160  bootloader-interface-app.o [1]
      .bss                uninit   0x200026ec     0x80  bootloader-interface-app.o [1]
      .bss                uninit   0x2000276c     0x10  client-api.o [1]
      .bss                uninit   0x2000277c      0x8  concentrator-support.o [1]
      .bss                uninit   0x20002784     0x44  counters-soc.o [1]
      .bss                uninit   0x200027c8     0x44  counters-soc.o [1]
      .bss                uninit   0x2000280c     0x24  counters-soc.o [1]
      .bss                uninit   0x20002830     0x30  ember-configuration.o [1]
      .bss                uninit   0x20002860     0x18  ez-mode.o [1]
      .bss                uninit   0x20002878     0x14  form-and-join.o [1]
      .bss                uninit   0x2000288c      0xc  identify.o [1]
      .bss                uninit   0x20002898     0x10  message.o [1]
      .bss                uninit   0x200028a8     0x54  message.o [1]
      .bss                uninit   0x200028fc      0x4  multi-network.o [1]
      .bss                uninit   0x20002900      0xc  network-find.o [1]
      .bss                uninit   0x2000290c      0x8  network-find.o [1]
      .bss                uninit   0x20002914      0xc  ota-storage-eeprom-page-erase.o [1]
      .bss                uninit   0x20002920      0x8  ota-storage-eeprom.o [1]
      .bss                uninit   0x20002928     0x18  ota-storage-simple.o [1]
      .bss                uninit   0x20002940      0x8  reporting.o [1]
      .bss                uninit   0x20002948     0x3c  reporting.o [1]
      .bss                uninit   0x20002984     0x88  serial.o [1]
      .bss                uninit   0x20002a0c     0x88  serial.o [1]
      .bss                uninit   0x20002a94     0x88  serial.o [1]
      .bss                uninit   0x20002b1c     0x88  serial.o [1]
      .bss                uninit   0x20002ba4     0x14  service-discovery-common.o [1]
      .bss                uninit   0x20002bb8     0x8c  sim-eeprom.o [1]
      .bss                uninit   0x20002c44      0xc  sleep.o [1]
      .bss                uninit   0x20002c50     0x1c  source-route.o [1]
      .bss                uninit   0x20002c6c      0x4  util.o [1]
      .bss                uninit   0x20002c70     0x24  analogue.o [21]
      .bss                uninit   0x20002c94      0xc  association.o [21]
      .bss                uninit   0x20002ca0      0x8  ember-multi-network-stub.o [15]
      .bss                uninit   0x20002ca8      0x8  ember-multi-network-stub.o [15]
      .bss                uninit   0x20002cb0      0x8  ember-multi-network-stub.o [15]
      .bss                uninit   0x20002cb8      0xc  zigbee-dispatch.o [21]
      .bss                uninit   0x20002cc4      0x8  eui64.o [21]
      .bss                uninit   0x20002ccc      0x8  system-timer.o [12]
      .bss                uninit   0x20002cd4      0x8  zll-stubs.o [22]
      .bss                uninit   0x20002cdc    0x118  phy.o [21]
      .bss                uninit   0x20002df4      0x8  zigbee-device-util.o [21]
      .bss                uninit   0x20002dfc      0x8  aps-keys.o [19]
      .bss                uninit   0x20002e04      0x8  context-switch.o [12]
      .bss                uninit   0x20002e0c      0x8  neighbor.o [21]
      .bss                uninit   0x20002e14      0x8  high-security-stub.o [19]
      .bss                uninit   0x20002e1c     0x10  retry.o [21]
      .bss                uninit   0x20002e2c     0x40  retry.o [21]
      .bss                uninit   0x20002e6c      0x8  aps-skke-stub.o [19]
      .bss                uninit   0x20002e74      0xc  mac.o [21]
      .bss                uninit   0x20002e80     0x80  mac.o [21]
      .bss                uninit   0x20002f00      0x4  aps-encryption.o [19]
      .bss                uninit   0x20002f04      0x8  neighbor-exchange.o [21]
      .bss                uninit   0x20002f0c      0x8  end-device-bind-stub.o [11]
      .bss                uninit   0x20002f14     0x64  broadcast.o [21]
      .bss                uninit   0x20002f78      0x8  cal-pads.o [21]
      .bss                uninit   0x20002f80      0x8  mac-em250.o [21]
      .bss                uninit   0x20002f88     0x14  unicast-table.o [21]
      .bss                uninit   0x20002f9c      0x8  mac-header.o [21]
      .bss                uninit   0x20002fa4      0x2  message.o [1]
      .bss                uninit   0x20002fa6      0x2  print.o [1]
      .bss                uninit   0x20002fa8      0x2  util.o [1]
      .bss                uninit   0x20002faa      0x2  util.o [1]
      .bss                uninit   0x20002fac      0x4  sim-eeprom-internal.o [12]
      .bss                uninit   0x20002fb0      0x4  route-table.o [21]
      .bss                uninit   0x20002fb4      0x1  af-event.o [1]
      .bss                uninit   0x20002fb5      0x1  af-main-soc.o [1]
      .bss                uninit   0x20002fb6      0x1  af-trust-center.o [1]
      .bss                uninit   0x20002fb7      0x2  aurora-host-hal.o [1]
      .bss                uninit   0x20002fb9      0x2  aurora-level-control.o [1]
      .bss                uninit   0x20002fbb      0x1  aurora-pwm.o [1]
      .bss                uninit   0x20002fbc      0x1  aurora-tunneling-server.o [1]
      .bss                uninit   0x20002fbd      0x1  button.o [1]
      .bss                uninit   0x20002fbe      0x2  concentrator-support.o [1]
      .bss                uninit   0x20002fc0      0x1  crypto-state.o [1]
      .bss                uninit   0x20002fc1      0x1  eeprom.o [1]
      .bss                uninit   0x20002fc2      0x1  ember-configuration.o [1]
      .bss                uninit   0x20002fc3      0x1  ember-configuration.o [1]
      .bss                uninit   0x20002fc4      0x1  ember-configuration.o [1]
      .bss                uninit   0x20002fc5      0x1  ember-configuration.o [1]
      .bss                uninit   0x20002fc6      0x1  ember-configuration.o [1]
      .bss                uninit   0x20002fc7      0x1  ember-configuration.o [1]
      .bss                uninit   0x20002fc8      0x1  ember-configuration.o [1]
      .bss                uninit   0x20002fc9      0x2  idle-sleep.o [1]
      .bss                uninit   0x20002fcb      0x1  idle-sleep.o [1]
      .bss                uninit   0x20002fcc      0x1  micro-common.o [1]
      .bss                uninit   0x20002fcd      0x2  ota-storage-eeprom.o [1]
      .bss                uninit   0x20002fcf      0x1  process-global-message.o [1]
      .bss                uninit   0x20002fd0      0x1  scenes.o [1]
      .bss                uninit   0x20002fd1      0x2  token.o [1]
      .bss                uninit   0x20002fd3      0x1  zigbee-device-common.o [1]
      .bss                uninit   0x20002fd4      0x2  event-control.o [21]
      .bss                uninit   0x20002fd6      0x1  association.o [21]
      .bss                uninit   0x20002fd7      0x1  zigbee-dispatch.o [21]
      .bss                uninit   0x20002fd8      0x1  application-support.o [21]
      .bss                uninit   0x20002fd9      0x2  zigbee-stack.o [21]
      .bss                uninit   0x20002fdb      0x1  phy-common.o [21]
      .bss                uninit   0x20002fdc      0x3  network.o [21]
      .bss                uninit   0x20002fdf      0x1  flash.o [12]
      .bss                uninit   0x20002fe0      0x2  phy.o [21]
      .bss                uninit   0x20002fe2      0x2  phy.o [21]
      .bss                uninit   0x20002fe4      0x3  analogue-vco.o [21]
      .bss                uninit   0x20002fe7      0x1  neighbor.o [21]
      .bss                uninit   0x20002fe8      0x1  high-security-stub.o [19]
      .bss                uninit   0x20002fe9      0x1  random-id.o [21]
      .bss                uninit   0x20002fea      0x1  command.o [21]
      .bss                uninit   0x20002feb      0x1  route-discovery.o [21]
      .bss                uninit   0x20002fec      0x1  debug-jtag.o [21]
                                 - 0x20002fed   0x1cd5

"DEBUGCHAN":                                      0x10
  DEBUG_CHANNEL                    0x20002ff0     0x10  <Block>
    DEBUG_CHANNEL         uninit   0x20002ff0     0x10  debug-jtag.o [21]
                                 - 0x20003000     0x10



*******************************************************************************
*** MODULE SUMMARY
***

    Module                                ro code  ro data  rw data
    ------                                -------  -------  -------
C:\Users\matthew.shing\Documents\Projects\AONE ZigBee Dimmer\AUCH ETRX357\AONE_Zigbee\EmberZNet5.3.0-GA\em35x\build\Aurora_dimmer: [1]
    Aurora_dimmer_callbacks.o               1 272                12
    adc.o                                     196                30
    address-table-soc.o                         2
    af-event.o                                628       76      125
    af-main-common.o                        2 056       17       25
    af-main-soc.o                           1 160                 1
    af-node.o                                 116
    af-security-common.o                       64
    af-trust-center.o                         212                 1
    attribute-size.o                           76
    attribute-storage.o                     3 176      120      424
    attribute-table.o                       1 432
    aurora-button-joining-hal.o               172
    aurora-button-joining.o                 3 568       39      108
    aurora-colour-control.o                 1 476                48
    aurora-colour-conversion.o              4 172       68      104
    aurora-host-bootload.o                    932               140
    aurora-host-hal.o                         428               146
    aurora-host-plc-protocol.o              1 736       12      153
    aurora-host-protocol.o                    292
    aurora-level-control-hal.o                 64
    aurora-level-control.o                  2 124                26
    aurora-on-off.o                           636
    aurora-ota-client-page-request.o           32
    aurora-ota-client-policy.o                692
    aurora-ota-client-signature-verify.o        4
    aurora-ota-client.o                     6 748      712       80
    aurora-pwm-hal.o                          188
    aurora-pwm.o                              192                 1
    aurora-tunneling-server.o               1 280                97
    bootloader-interface-app.o                428               504
    button.o                                  168                 1
    buzzer.o                                  156        8        8
    call-command-handler.o                  1 516
    callback-stub.o                           152
    client-api.o                              648                16
    concentrator-support.o                    268                10
    counters-soc.o                            340               172
    crc.o                                      36
    crypto-state.o                             16                 1
    cstartup-iar-common.o                     148      316    2 562
    diagnostic.o                            2 860    1 264
    eeprom.o                                  582       18       19
    ember-configuration.o                     172      141      161
    ez-mode.o                                 732                24
    faults.o                                  128
    form-and-join-node-adapter.o              104       12       12
    form-and-join.o                           770                20
    groups-server.o                         1 020
    identify.o                                284                12
    idle-sleep-soc.o                           72
    idle-sleep.o                              140                 3
    isr-stubs.o                                 4
    led.o                                      98
    mem-util.o                                210
    message.o                                 404               102
    mfg-token.o                               104       28
    micro-common.o                            224        2        1
    micro.o                                   752      276       40
    mpu.o                                     116       64       64
    multi-network.o                            76                 4
    network-find.o                            888                20
    ota-bootload-soc.o                         40
    ota-common.o                              224       24       12
    ota-storage-common-cli.o                  908
    ota-storage-common.o                      392
    ota-storage-eeprom-page-erase.o           824        8       20
    ota-storage-eeprom.o                      668                10
    ota-storage-simple.o                    1 204                24
    print-formatter.o                         244
    print.o                                   136        2        4
    process-cluster-message.o                 144
    process-global-message.o                1 452                 1
    random.o                                   72        4        4
    reporting.o                             2 104                68
    scenes.o                                3 204                 1
    security-address-cache.o                  168                 3
    serial.o                                1 192       54      588
    service-discovery-common.o                670                20
    service-discovery-soc.o                    86
    sim-eeprom.o                              288       52    8 332
    sleep.o                                 1 636                12
    source-route-common.o                     292        2        2
    source-route.o                            236        6       33
    token-def.o                                        864
    token.o                                   276                 2
    uart.o                                    804
    util.o                                  2 836      165       41
    zigbee-device-common.o                     50        1        2
    zigbee-device-library.o                   408
    ---------------------------------------------------------------
    Total:                                 69 300    4 355   14 456

command line: [2]
    ---------------------------------------------------------------
    Total:

alarm-stub-library.a: [3]
    alarm-stub.o                               12        1
    ---------------------------------------------------------------
    Total:                                     12        1

binding-table-library.a: [4]
    binding-table.o                         1 156        1
    zdo-binding-table.o                       452
    ---------------------------------------------------------------
    Total:                                  1 608        1

cbke-163k1-stub-library.a: [5]
    cbke-crypto-engine-163k1-stub.o             6        1
    ---------------------------------------------------------------
    Total:                                      6        1

cbke-283k1-stub-library.a: [6]
    cbke-crypto-engine-283k1-stub.o             6        1
    ---------------------------------------------------------------
    Total:                                      6        1

cbke-library-dsa-sign-stub.a: [7]
    cbke-crypto-engine-dsa-sign-stub.o          4        1
    ---------------------------------------------------------------
    Total:                                      4        1

cbke-library-dsa-verify-stub.a: [8]
    cbke-crypto-engine-dsa-verify-stub.o                 1
    ---------------------------------------------------------------
    Total:                                               1

cbke-stub-library.a: [9]
    cbke-crypto-engine-stub.o                  14        1
    ---------------------------------------------------------------
    Total:                                     14        1

dl7M_tln.a: [10]
    abs.o                                       8
    ---------------------------------------------------------------
    Total:                                      8

end-device-bind-stub-library.a: [11]
    end-device-bind-stub.o                      8        1        8
    ---------------------------------------------------------------
    Total:                                      8        1        8

hal-library.a: [12]
    caladc.o                                  284
    clocks.o                                1 108       10       10
    context-switch.o                           80                 8
    cstartup-iar.o                            460
    flash.o                                   288                 1
    micro-common-internal.o                   496
    micro-internal.o                          412        6        4
    sim-eeprom-internal.o                   2 768                 4
    spmr.o                                     62
    system-timer.o                            256                 8
    ---------------------------------------------------------------
    Total:                                  6 214       16       35

install-code-library-stub.a: [13]
    install-code-stub.o                         4        1
    ---------------------------------------------------------------
    Total:                                      4        1

m7M_tl.a: [14]
    FltAdd.o                                  132
    FltCmpGe.o                                 36
    FltCmpLe.o                                 36
    FltDiv.o                                  252
    FltMul.o                                  216
    FltSub.o                                  230
    FltToS32.o                                 68
    I32ToFlt.o                                 50
    ---------------------------------------------------------------
    Total:                                  1 020

multi-network-stub-library.a: [15]
    ember-multi-network-stub.o                520                24
    ---------------------------------------------------------------
    Total:                                    520                24

packet-validate-library.a: [16]
    packet-validate.o                         920        2        1
    ---------------------------------------------------------------
    Total:                                    920        2        1

rf4ce-stack-stub-library.a: [17]
    rf4ce-stack-stubs.o                        76        8
    ---------------------------------------------------------------
    Total:                                     76        8

rt7M_tl.a: [18]
    ABImemclr.o                                 6
    ABImemclr4.o                                6
    ABImemcpy_unaligned.o                     118
    ABImemset.o                               102
    ABImemset48.o                              50
    I64Shl.o                                   34
    ---------------------------------------------------------------
    Total:                                    316

security-library-core.a: [19]
    aes-mmo.o                                 348
    aps-encryption.o                          780                 4
    aps-keys.o                                972                 8
    aps-security.o                          3 200
    aps-skke-stub.o                             4        1        8
    high-security-stub.o                        8                 9
    hmac.o                                     98
    trust-center-util.o                     1 160        3        2
    ---------------------------------------------------------------
    Total:                                  6 570        4       31

security-library-link-keys-stub.a: [20]
    aps-keys-full-stub.o                       14        1
    ---------------------------------------------------------------
    Total:                                     14        1

zigbee-pro-stack.a: [21]
    address-table.o                         1 024
    aes.o                                     174
    analogue-cell-bias.o                      236
[...]
pendingAckedCount       0x20001ffd     0x1  Data  Lc  aps-retry.o [21]
permitJoining           0x20002c94     0x1  Data  Lc  association.o [21]
phyToMacQueueLength     0x20002060     0x2  Data  Lc  mac-receive.o [21]
phyToMacQueueLengthReached
                        0x20002064     0x2  Data  Lc  mac-receive.o [21]
platformTick            0x0801600d    0x20  Code  Lc  util.o [1]
plcBufferCommand        0x0801dd2d    0x36  Code  Lc  aurora-host-plc-protocol.o [1]
plcCalculateCrc         0x0801dd63    0x1c  Code  Lc  aurora-host-plc-protocol.o [1]
plcCmdBuffer            0x2000246c    0x40  Data  Lc  aurora-host-plc-protocol.o [1]
plcCmdLength            0x20001d31     0x1  Data  Lc  aurora-host-plc-protocol.o [1]
plcCountUartNotReady    0x20001d30     0x1  Data  Lc  aurora-host-plc-protocol.o [1]
plcEnableSend           0x20001d33     0x1  Data  Lc  aurora-host-plc-protocol.o [1]
plcNumCmdRetries        0x20001d32     0x1  Data  Lc  aurora-host-plc-protocol.o [1]
plcRspBuffer            0x200024ac    0x40  Data  Lc  aurora-host-plc-protocol.o [1]
plcRspLength            0x200024ec     0x1  Data  Lc  aurora-host-plc-protocol.o [1]
plcSendCommand          0x0801dd7f    0x42  Code  Lc  aurora-host-plc-protocol.o [1]
plcSendSetColorCommand  0x0801da31    0x2e  Code  Gb  aurora-host-plc-protocol.o [1]
plcSendSetPowerLevelCommand
                        0x0801da29     0x8  Code  Gb  aurora-host-plc-protocol.o [1]
plcSendTunnelCommand    0x0801d9ed    0x3c  Code  Gb  aurora-host-plc-protocol.o [1]
plcSerialTimeOutActive  0x20002460     0x1  Data  Lc  aurora-host-plc-protocol.o [1]
pollState               0x20002020     0x1  Data  Lc  mac-arbiter.o [21]
powerLevelSettings      0x08002804     0x4  Data  Gb  analogue.o [21]
powers10                0x0800828c    0x24  Data  Lc  serial.o [1]
prepareForResponse      0x0801609b    0x5e  Code  Lc  util.o [1]
previousLoValue         0x20001fec     0x1  Data  Gb  clocks.o [12]
previousTemperature     0x20002fe2     0x1  Data  Lc  phy.o [21]
previousTemperatureAvailable
                        0x20002fe3     0x1  Data  Lc  phy.o [21]
printDiscoverCommandsResponse
                        0x0801fdbd    0x10  Code  Lc  process-global-message.o [1]
printIncomingZclMessage
                        0x080161ef    0x8a  Code  Lc  util.o [1]
printPercentage         0x0802104b    0x50  Code  Lc  ota-common.o [1]
processDeviceAnnounceAndFindIdConflict
                        0x0800a265    0xbe  Code  Lc  network.o [21]
processKeyCommand       0x0801114d   0x2a2  Code  Lc  aps-security.o [19]
processRxAddressReceiveCompleteIsr
                        0x08002b21   0x150  Code  Lc  phy.o [21]
processRxPacketCompleteIsr
                        0x08002c71    0xe2  Code  Lc  phy.o [21]
processScanRequest      0x0801b36d   0x118  Code  Lc  zdo-channel.o [21]
processZigbeePacket     0x08009d6d   0x3ca  Code  Lc  network.o [21]
ptiEnabled              0x20001f87     0x1  Data  Lc  phy-common.o [21]
ptrCache                0x20002bb8    0x8c  Data  Gb  sim-eeprom.o [1]
ptrCacheLoc             0x0800565f    0x22  Code  Lc  sim-eeprom-internal.o [12]
pushInt16u              0x0800f431     0xc  Code  Lc  zigbee-packet-header.o [21]
putImageInfoInMessage   0x08019023    0x1c  Code  Lc  aurora-ota-client.o [1]
pwmEnable               0x20002fbb     0x1  Data  Lc  aurora-pwm.o [1]
pwmSetDutyCycle         0x0801c963    0x2e  Code  Gb  aurora-pwm-hal.o [1]
queryNextImage          0x08019941    0x70  Code  Lc  aurora-ota-client.o [1]
queryNextImageResponseParse
                        0x080195db   0x144  Code  Lc  aurora-ota-client.o [1]
queueRouteDiscovery     0x08018949    0x2c  Code  Lc  concentrator-support.o [1]
quietlyEraseChild       0x0800b369    0x3a  Code  Lc  child.o [21]
radioCheckCrc           0x20001fa0     0x1  Data  Gb  phy-common.o [21]
radioCurrentPowerStatus
                        0x20001f91     0x1  Data  Gb  phy-common.o [21]
radioIdlePowerState     0x20001f8c     0x1  Data  Lc  phy-common.o [21]
radioTransmitConfig     0x20001f78     0x8  Data  Gb  zigbee-stack.o [21]
reCalibrateVref         0x20001f23     0x1  Data  Gb  analogue.o [21]
readAndValidateStoredImage
                        0x08020975   0x18e  Code  Lc  ota-storage-simple.o [1]
readCounterValue        0x08005e99    0x34  Code  Lc  sim-eeprom-internal.o [12]
readIdentifyTime        0x080250f7    0x18  Code  Lc  identify.o [1]
readNetworkTokens       0x08012857    0x2e  Code  Lc  association.o [21]
readNodeData            0x08012885     0xc  Code  Lc  association.o [21]
readServerAttribute     0x08022ba5    0x28  Code  Lc  scenes.o [1]
readTokenData           0x080055dd    0x42  Code  Lc  sim-eeprom-internal.o [12]
readWritePrimitive      0x080206a9    0x70  Code  Lc  ota-storage-eeprom.o [1]
recalculateMacDataPendingBitField
                        0x080064ad    0x42  Code  Lc  mac-indirect.o [21]
receiveReadBuffer       0x0801c801    0x32  Code  Gb  aurora-host-hal.o [1]
receiveReadIndex        0x20002fb7     0x1  Data  Lc  aurora-host-hal.o [1]
receiveWriteBuffer      0x0801c7df    0x22  Code  Gb  aurora-host-hal.o [1]
receiveWriteIndex       0x20002fb8     0x1  Data  Lc  aurora-host-hal.o [1]
receivedData            0x200023e0    0x80  Data  Lc  aurora-host-hal.o [1]
recordServerEuiAndGoToNextState
                        0x08018ea1    0x28  Code  Lc  aurora-ota-client.o [1]
recordUpgradeStatus     0x08019225    0x3c  Code  Lc  aurora-ota-client.o [1]
recyclePendingAckedMessages
                        0x0801451d    0x48  Code  Lc  aps-retry.o [21]
reenqueueSubmitHead     0x0800def9    0x80  Code  Lc  retry.o [21]
rejoinUpdateDeviceStatusValues
                        0x08011dd0     0x8  Data  Lc  association.o [21]
removeConfiguration     0x0801f5e1    0x24  Code  Lc  reporting.o [1]
removeConfigurationAndScheduleTick
                        0x0801f605     0xc  Code  Lc  reporting.o [1]
removeFromBuffer        0x08009711    0x2e  Code  Lc  network.o [21]
requestKeyBuffer        0x2000200b     0x1  Data  Lc  trust-center-util.o [19]
restartServerDiscoveryAfterDelay
                        0x08018dfd    0x12  Code  Lc  aurora-ota-client.o [1]
retryEntries            0x20002e2c    0x40  Data  Lc  retry.o [21]
retrySendReport         0x0801f005    0x12  Code  Lc  reporting.o [1]
rf4ceNetworkCommandPacketIsValid
                        0x08012f3b    0x60  Code  Lc  packet-validate.o [16]
rf4ceNetworkPacketIsValid
                        0x08012ee9    0x52  Code  Lc  packet-validate.o [16]
rf4ceNwkApplicationCapabilitiesOffset
                        0x08013020     0x4  Data  Lc  packet-validate.o [16]
rf4ceNwkCommandBaseSizes
                        0x08013014     0xc  Data  Lc  packet-validate.o [16]
rhoActive               0x20001e44     0x1  Data  Lc  micro.o [1]
rhoEnabled              0x20001e46     0x1  Data  Lc  micro.o [1]
rmwRadioPowerCfgReg     0x08003fd3    0x3e  Code  Lc  micro.o [1]
rmwRadioPowerOutReg     0x08004011    0x36  Code  Lc  micro.o [1]
routeErrorCallback      0x0801897d    0x1e  Code  Lc  concentrator-support.o [1]
routeErrorCount         0x20002fbe     0x1  Data  Lc  concentrator-support.o [1]
routeRequestId          0x20002feb     0x1  Data  Lc  route-discovery.o [21]
routeTableTimer         0x20002fb0     0x1  Data  Lc  route-table.o [21]
runEventHandler         0x08014721   0x122  Code  Lc  aps-retry.o [21]
runUpgrade              0x08019f85    0x1a  Code  Lc  aurora-ota-client.o [1]
rxBuffer                0x20002ce0   0x114  Data  Lc  phy.o [21]
sRGB_blue_xy            0x20001cfc     0x8  Data  Gb  aurora-colour-conversion.o [1]
sRGB_green_xy           0x20001cf4     0x8  Data  Gb  aurora-colour-conversion.o [1]
sRGB_red_xy             0x20001cec     0x8  Data  Gb  aurora-colour-conversion.o [1]
sRGB_white_xy           0x20001d04     0x8  Data  Gb  aurora-colour-conversion.o [1]
sampleVcoTune           0x080043d1    0x44  Code  Gb  analogue-mod-dac.o [21]
savedMSP                0x20002e08          Data  Gb  context-switch.o [12]
savedResetCause         0x200020b6     0x2  Data  Lc  cstartup-iar-common.o [1]
scanChannelMask         0x20001fdc     0x4  Data  Lc  scan.o [21]
scanDuration            0x20001fc6     0x1  Data  Lc  scan.o [21]
scanFrameCounter        0x20001fd8     0x4  Data  Lc  scan.o [21]
scanRequestHeader       0x2000204f     0x1  Data  Lc  zdo-channel.o [21]
scanResults             0x20002050     0x1  Data  Lc  zdo-channel.o [21]
scanTransmitRetries     0x20001fc7     0x1  Data  Lc  scan.o [21]
scansRemaining          0x20002051     0x1  Data  Lc  zdo-channel.o [21]
scheduleHalSysTickIsrMicroseconds
                        0x0800399b    0x4e  Code  Lc  clocks.o [12]
scheduleIdentifyTick    0x08025127    0x66  Code  Lc  identify.o [1]
scheduleTick            0x0801f547    0x92  Code  Lc  reporting.o [1]
securityAddToAddressCache
                        0x08016b2d    0x7c  Code  Gb  security-address-cache.o [1]
securityAddressCacheInit
                        0x08016b21     0xc  Code  Gb  security-address-cache.o [1]
seed0                   0x20001eba     0x2  Data  Gb  random.o [1]
seed1                   0x20001ebc     0x2  Data  Gb  random.o [1]
send                    0x0800c259   0x10e  Code  Lc  af-main-common.o [1]
sendAckedUnicast        0x08014843    0xe8  Code  Lc  aps-retry.o [21]
sendApplicationKeys     0x0801bdf1    0xe6  Code  Lc  trust-center-util.o [19]
sendBuffer              0x20002344    0x48  Data  Gb  aurora-host-bootload.o [1]
sendFromSource          0x20001f76     0x2  Data  Lc  application-support.o [21]
sendLeaveCommand        0x08013753    0x74  Code  Lc  leave.o [21]
sendMessage             0x08019815   0x126  Code  Lc  aurora-ota-client.o [1]
sendNeighborExchange    0x0801390d    0xae  Code  Lc  neighbor-exchange.o [21]
sendSpecialJoinRequest  0x08011adb    0xd2  Code  Lc  association.o [21]
sendUpdateDevice        0x08010e69    0x4c  Code  Lc  aps-security.o [19]
sendZigDevRequestBuffer
                        0x08018659    0x46  Code  Lc  zigbee-device-library.o [1]
sequenceNumber          0x20002fec     0x1  Data  Lc  debug-jtag.o [21]
serialPort              0x20002fb5     0x1  Data  Gb  af-main-soc.o [1]
serialRegData           0x20002c70    0x24  Data  Gb  analogue.o [21]
serverEndpoint          0x20001d3e     0x1  Data  Lc  aurora-ota-client.o [1]
serverFindTunnel        0x0801e575    0x34  Code  Lc  aurora-tunneling-server.o [1]
serverNodeId            0x20001d54     0x2  Data  Lc  aurora-ota-client.o [1]
serviceDiscoveryCallback
                        0x08024f89    0x72  Code  Lc  ez-mode.o [1]
serviceDiscoveryComplete
                        0x080187a3    0x50  Code  Lc  service-discovery-common.o [1]
setChildTokenData       0x0800b52b    0xa2  Code  Lc  child.o [21]
setCurrentColor         0x0801c4f3    0x52  Code  Lc  aurora-colour-control.o [1]
setNonvolatileBinding   0x08017da3    0x2e  Code  Lc  binding-table.o [4]
setOnOffValue           0x0802240b    0x32  Code  Lc  aurora-level-control.o [1]
setOrOverrideTrustCenterEui64
                        0x0801ac5f    0x22  Code  Lc  aps-keys.o [19]
setRadioParameters      0x08012711    0x52  Code  Lc  association.o [21]
setRadioPowerAndMode    0x08016f37    0xec  Code  Gb  aurora-button-joining.o [1]
setReceiveBufferIndexValues
                        0x0801c863     0x8  Code  Gb  aurora-host-hal.o [1]
setTimer                0x08018c71    0x50  Code  Lc  aurora-ota-client.o [1]
setTxStepTime           0x08002297    0x34  Code  Lc  analogue.o [21]
setup                   0x08018493    0x3a  Code  Lc  form-and-join.o [1]
setupDiscoveryData      0x0801877b    0x28  Code  Lc  service-discovery-common.o [1]
shift                   0x08006d79    0x10  Code  Lc  random.o [1]
shortIndirectPool       0x20002044     0x4  Data  Lc  mac-indirect.o [21]
simEeErasePage          0x08005627    0x16  Code  Lc  sim-eeprom-internal.o [12]
simEeSetDataActiveSemaphore
                        0x20002fd2     0x1  Data  Gb  token.o [1]
simulatedEepromStorage  0x0802e000  0x2000  Data  Gb  sim-eeprom.o [1]
singletonAttributeData  0x20002260    0x48  Data  Gb  attribute-storage.o [1]
sizeCache               0x08025df4    0x20  Data  Gb  sim-eeprom.o [1]
sleepTimerInterruptOccurred
                        0x20002ccc     0x1  Data  Gb  system-timer.o [12]
sleepTmrArtificalCnt    0x20002cd0     0x4  Data  Gb  system-timer.o [12]
sleepyBroadcastInfo     0x20002075     0x1  Data  Lc  jit.o [21]
sourceRouteAddEntry     0x0801bf9f    0x86  Code  Gb  source-route-common.o [1]
sourceRouteAddEntryWithCloserNextHop
                        0x0801c025    0x28  Code  Gb  source-route-common.o [1]
sourceRouteClearTable   0x0801bf89    0x16  Code  Gb  source-route-common.o [1]
sourceRouteFindIndex    0x0801bf65    0x24  Code  Gb  source-route-common.o [1]
sourceRouteInit         0x0801c04d     0x8  Code  Gb  source-route-common.o [1]
sourceRouteTable        0x20001ef0     0x4  Data  Gb  source-route.o [1]
sourceRouteTableSize    0x20001eee     0x1  Data  Gb  source-route.o [1]
spreadModDac1           0x20001ff8     0x2  Data  Gb  analogue-mod-dac.o [21]
spreadModDac2           0x20001ffa     0x2  Data  Gb  analogue-mod-dac.o [21]
stackEvents             0x0800f260    0xc0  Data  Gb  zigbee-stack.o [21]
stackStatusEventControl
                        0x20001cd4     0x8  Data  Gb  aurora-button-joining.o [1]
stackTokenInfo          0x08018bdc    0x38  Data  Lc  token-cache.o [21]
startChannelScan        0x0800d5f9    0x62  Code  Lc  scan.o [21]
startNetworkOperation   0x08011675    0x3c  Code  Lc  association.o [21]
startPanIdScan          0x0801826f    0x32  Code  Lc  form-and-join.o [1]
startScan               0x080184ed    0x12  Code  Lc  form-and-join.o [1]
startServerDiscovery    0x08018f9d    0x54  Code  Lc  aurora-ota-client.o [1]
state                   0x20002900     0x1  Data  Lc  network-find.o [1]
stateTable              0x200024f0    0x18  Data  Lc  aurora-level-control.o [1]
stateTable              0x2000288c     0xc  Data  Lc  identify.o [1]
states                  0x20002bac     0xc  Data  Lc  service-discovery-common.o [1]
status                  0x08023829    0x10  Code  Lc  call-command-handler.o [1]
stopAllEvents           0x0801c2a7     0xc  Code  Lc  aurora-colour-control.o [1]
storageHasFullImage     0x20002938     0x1  Data  Lc  ota-storage-simple.o [1]
storedSleepControl      0x20002915     0x1  Data  Lc  ota-storage-eeprom-page-erase.o [1]
submitCount             0x20002e1d     0x1  Data  Lc  retry.o [21]
swoOutput               0x0800cac9    0xda  Code  Lc  debug-jtag.o [21]
table                   0x20002c50    0x1c  Data  Lc  source-route.o [1]
terminateScanRequest    0x0801b337    0x26  Code  Lc  zdo-channel.o [21]
timeoutPools            0x080064ef    0xde  Code  Lc  mac-indirect.o [21]
tokenArraySize          0x08025e94    0x20  Data  Gb  token-def.o [1]
tokenCreators           0x08025e14    0x40  Data  Gb  token-def.o [1]
tokenDefaults           0x080260f8    0x7c  Data  Gb  token-def.o [1]
tokenIsCnt              0x08025e54    0x20  Data  Gb  token-def.o [1]
tokenSize               0x08025e74    0x20  Data  Gb  token-def.o [1]
tokensActive            0x20002fd1     0x1  Data  Gb  token.o [1]
totalImageSize          0x20001d84     0x4  Data  Lc  aurora-ota-client.o [1]
transmitQueue           0x20002024     0x8  Data  Lc  mac-arbiter.o [21]
transportKeyFrameSizes  0x0801300c     0x8  Data  Lc  packet-validate.o [16]
tuneDone                0x20001d8d     0x1  Data  Gb  buzzer.o [1]
tunePos                 0x20001d8c     0x1  Data  Gb  buzzer.o [1]
tunnelStatus            0x20002568     0xc  Data  Gb  Aurora_dimmer_callbacks.o [1]
tunnels                 0x20002508    0x60  Data  Lc  aurora-tunneling-server.o [1]
txPower                 0x080027b8    0x28  Data  Gb  analogue.o [21]
txStepTimeSnapshot      0x20001f98     0x2  Data  Lc  phy-common.o [21]
uartErrorMark           0x080077d1    0x3c  Code  Lc  uart.o [1]
unicastHead             0x20002f88     0x1  Data  Lc  unicast-table.o [21]
uninitializedIsr        0x08025241          Code  Gb  faults.o [1]
unsentMessageCount      0x2000201f     0x1  Data  Lc  mac-arbiter.o [21]
unsolicitedChannelReport
                        0x2000204e     0x1  Data  Lc  zdo-channel.o [21]
updateCurrentOffset     0x08018e3b    0x20  Code  Lc  aurora-ota-client.o [1]
updateDownloadFileVersion
                        0x08018e5b     0x8  Code  Lc  aurora-ota-client.o [1]
updateParentToken       0x080129ed    0x62  Code  Lc  association.o [21]
upgradeEndResponseParse
                        0x08019e25   0x10e  Code  Lc  aurora-ota-client.o [1]
useOsc32k               0x20002fcc     0x1  Data  Gb  micro-common.o [1]
usePageRequest          0x20001d41     0x1  Data  Lc  aurora-ota-client.o [1]
useXtalAsIs             0x20001feb     0x1  Data  Lc  clocks.o [12]
vFillBuffer             0x0801ed79   0x156  Code  Lc  client-api.o [1]
vcoLastTuneValueAvailable
                        0x20002fe4     0x1  Data  Gb  analogue-vco.o [21]
vcoTuneModDacError      0x08004415    0x24  Code  Lc  analogue-mod-dac.o [21]
verifyAppBlVersion      0x0802405d    0x1c  Code  Lc  bootloader-interface-app.o [1]
verifyFib               0x08008321    0x24  Code  Lc  flash.o [12]
volatileData            0x20002948    0x3c  Data  Lc  reporting.o [1]
waitForAck              0x0802471d    0x6e  Code  Gb  aurora-host-bootload.o [1]
waitingForResponse      0x20001d40     0x1  Data  Lc  aurora-ota-client.o [1]
wakeupSleepTmrCnt       0x20002c4c     0x4  Data  Gb  sleep.o [1]
wakeupXtalState         0x20001fea     0x1  Data  Gb  clocks.o [12]
walkDelayQueue          0x0800dcfd    0xc8  Code  Lc  retry.o [21]
writeIdentifyTime       0x0802510f    0x18  Code  Lc  identify.o [1]
writeMessage            0x08008ce7    0xb0  Code  Lc  packet-buffer.o [21]
writePageCounters       0x08005c31    0x7e  Code  Lc  sim-eeprom-internal.o [12]
writeServerAttribute    0x08022bcd     0xe  Code  Lc  scenes.o [1]
writeTokenBlockData     0x08005585    0x58  Code  Lc  sim-eeprom-internal.o [12]
xorBufferBytesIntoBlock
                        0x0800e6e9    0x82  Code  Lc  crypto.o [21]
xtalAboveLoThresholdUs  0x20001fee     0x2  Data  Gb  clocks.o [12]
xtalUnstable            0x20001fe9     0x1  Data  Gb  clocks.o [12]
xyYtoRGBConversion      0x0801c38d    0xc6  Code  Lc  aurora-colour-control.o [1]
zaNodeSecurityInit      0x0801aabd    0x74  Code  Gb  af-node.o [1]
zaTrustCenterSecurityInit
                        0x0801aa11    0x68  Code  Gb  af-trust-center.o [1]
zaTrustCenterSecurityPolicyInit
                        0x0801a9e9    0x28  Code  Gb  af-trust-center.o [1]
zclClusterNames         0x08016aa8    0x58  Data  Gb  util.o [1]
zeroLenByte             0x20002fa4     0x2  Data  Lc  message.o [1]
zigDevApsStruct         0x20002df8     0x4  Data  Lc  zigbee-device-util.o [21]
zigDevRequestRadius     0x20001f15     0x1  Data  Gb  zigbee-device-common.o [1]
zigDevRequestSequence   0x20002fd3     0x1  Data  Lc  zigbee-device-common.o [1]
zigDevRequestSequence   0x20002df4     0x1  Data  Lc  zigbee-device-util.o [21]


[1] = C:\Users\matthew.shing\Documents\Projects\AONE ZigBee Dimmer\AUCH ETRX357\AONE_Zigbee\EmberZNet5.3.0-GA\em35x\build\Aurora_dimmer
[2] = command line
[3] = alarm-stub-library.a
[4] = binding-table-library.a
[5] = cbke-163k1-stub-library.a
[6] = cbke-283k1-stub-library.a
[7] = cbke-library-dsa-sign-stub.a
[8] = cbke-library-dsa-verify-stub.a
[9] = cbke-stub-library.a
[10] = dl7M_tln.a
[11] = end-device-bind-stub-library.a
[12] = hal-library.a
[13] = install-code-library-stub.a
[14] = m7M_tl.a
[15] = multi-network-stub-library.a
[16] = packet-validate-library.a
[17] = rf4ce-stack-stub-library.a
[18] = rt7M_tl.a
[19] = security-library-core.a
[20] = security-library-link-keys-stub.a
[21] = zigbee-pro-stack.a
[22] = zll-stub-library.a

  144 220 bytes of readonly  code memory
    4 757 bytes of readonly  data memory
   19 147 bytes of readwrite data memory

Errors: none
Warnings: none
